Rebooting cluster machines...
Rebooting machine 10.255.30.133...
Rebooting machine 10.255.30.109...
Rebooting machine 10.255.30.35...
Waiting 280 seconds for machines to reboot...
Connection to 10.255.30.109 closed by remote host.
Connection to 10.255.30.35 closed by remote host.
Connection to 10.255.30.133 closed by remote host.
Waiting for all cluster nodes to be Ready...
All cluster nodes are Ready.
-------------------------------------------------------
Starting test run with parameters:
  Amount: 10
  Authorization Concurrency: 1
  Verify-transaction Concurrency: 1
  Test Directory: ./results/test_amt-10_auth-1_verify-1_20250228085517
Installing helm chart...
W0228 08:55:36.748565    2891 warnings.go:70] Kubernetes default value is insecure, Knative may default this to secure in a future release: spec.template.spec.containers[0].securityContext.allowPrivilegeEscalation, spec.template.spec.containers[0].securityContext.capabilities, spec.template.spec.containers[0].securityContext.runAsNonRoot, spec.template.spec.containers[0].securityContext.seccompProfile
W0228 08:55:36.755556    2891 warnings.go:70] Kubernetes default value is insecure, Knative may default this to secure in a future release: spec.template.spec.containers[0].securityContext.allowPrivilegeEscalation, spec.template.spec.containers[0].securityContext.capabilities, spec.template.spec.containers[0].securityContext.runAsNonRoot, spec.template.spec.containers[0].securityContext.seccompProfile
W0228 08:55:36.756885    2891 warnings.go:70] Kubernetes default value is insecure, Knative may default this to secure in a future release: spec.template.spec.containers[0].securityContext.allowPrivilegeEscalation, spec.template.spec.containers[0].securityContext.capabilities, spec.template.spec.containers[0].securityContext.runAsNonRoot, spec.template.spec.containers[0].securityContext.seccompProfile
W0228 08:55:36.809032    2891 warnings.go:70] Kubernetes default value is insecure, Knative may default this to secure in a future release: spec.template.spec.containers[0].securityContext.allowPrivilegeEscalation, spec.template.spec.containers[0].securityContext.capabilities, spec.template.spec.containers[0].securityContext.runAsNonRoot, spec.template.spec.containers[0].securityContext.seccompProfile
W0228 08:55:36.825821    2891 warnings.go:70] Kubernetes default value is insecure, Knative may default this to secure in a future release: spec.template.spec.containers[0].securityContext.allowPrivilegeEscalation, spec.template.spec.containers[0].securityContext.capabilities, spec.template.spec.containers[0].securityContext.runAsNonRoot, spec.template.spec.containers[0].securityContext.seccompProfile
W0228 08:55:36.873807    2891 warnings.go:70] Kubernetes default value is insecure, Knative may default this to secure in a future release: spec.template.spec.containers[0].securityContext.allowPrivilegeEscalation, spec.template.spec.containers[0].securityContext.capabilities, spec.template.spec.containers[0].securityContext.runAsNonRoot, spec.template.spec.containers[0].securityContext.seccompProfile
W0228 08:55:36.878109    2891 warnings.go:70] Kubernetes default value is insecure, Knative may default this to secure in a future release: spec.template.spec.containers[0].securityContext.allowPrivilegeEscalation, spec.template.spec.containers[0].securityContext.capabilities, spec.template.spec.containers[0].securityContext.runAsNonRoot, spec.template.spec.containers[0].securityContext.seccompProfile
W0228 08:55:36.879718    2891 warnings.go:70] Kubernetes default value is insecure, Knative may default this to secure in a future release: spec.template.spec.containers[0].securityContext.allowPrivilegeEscalation, spec.template.spec.containers[0].securityContext.capabilities, spec.template.spec.containers[0].securityContext.runAsNonRoot, spec.template.spec.containers[0].securityContext.seccompProfile
W0228 08:55:36.910387    2891 warnings.go:70] Kubernetes default value is insecure, Knative may default this to secure in a future release: spec.template.spec.containers[0].securityContext.allowPrivilegeEscalation, spec.template.spec.containers[0].securityContext.capabilities, spec.template.spec.containers[0].securityContext.runAsNonRoot, spec.template.spec.containers[0].securityContext.seccompProfile
W0228 08:55:36.911627    2891 warnings.go:70] Kubernetes default value is insecure, Knative may default this to secure in a future release: spec.template.spec.containers[0].securityContext.allowPrivilegeEscalation, spec.template.spec.containers[0].securityContext.capabilities, spec.template.spec.containers[0].securityContext.runAsNonRoot, spec.template.spec.containers[0].securityContext.seccompProfile
W0228 08:55:36.916518    2891 warnings.go:70] Kubernetes default value is insecure, Knative may default this to secure in a future release: spec.template.spec.containers[0].securityContext.allowPrivilegeEscalation, spec.template.spec.containers[0].securityContext.capabilities, spec.template.spec.containers[0].securityContext.runAsNonRoot, spec.template.spec.containers[0].securityContext.seccompProfile
W0228 08:55:36.917728    2891 warnings.go:70] Kubernetes default value is insecure, Knative may default this to secure in a future release: spec.template.spec.containers[0].securityContext.allowPrivilegeEscalation, spec.template.spec.containers[0].securityContext.capabilities, spec.template.spec.containers[0].securityContext.runAsNonRoot, spec.template.spec.containers[0].securityContext.seccompProfile
W0228 08:55:36.934883    2891 warnings.go:70] Kubernetes default value is insecure, Knative may default this to secure in a future release: spec.template.spec.containers[0].securityContext.allowPrivilegeEscalation, spec.template.spec.containers[0].securityContext.capabilities, spec.template.spec.containers[0].securityContext.runAsNonRoot, spec.template.spec.containers[0].securityContext.seccompProfile
W0228 08:55:36.936983    2891 warnings.go:70] Kubernetes default value is insecure, Knative may default this to secure in a future release: spec.template.spec.containers[0].securityContext.allowPrivilegeEscalation, spec.template.spec.containers[0].securityContext.capabilities, spec.template.spec.containers[0].securityContext.runAsNonRoot, spec.template.spec.containers[0].securityContext.seccompProfile
NAME: bank
LAST DEPLOYED: Fri Feb 28 08:55:18 2025
NAMESPACE: default
STATUS: deployed
REVISION: 1
TEST SUITE: None
Waiting for helm install to be ready (only one pod starting with 'result')...
Not the required number of pods yet (there are 20 pods). Retrying in 5 seconds...
Not the required number of pods yet (there are 20 pods). Retrying in 5 seconds...
Not the required number of pods yet (there are 20 pods). Retrying in 5 seconds...
Not the required number of pods yet (there are 20 pods). Retrying in 5 seconds...
Not the required number of pods yet (there are 20 pods). Retrying in 5 seconds...
Not the required number of pods yet (there are 20 pods). Retrying in 5 seconds...
Not the required number of pods yet (there are 20 pods). Retrying in 5 seconds...
Not the required number of pods yet (there are 20 pods). Retrying in 5 seconds...
Not the required number of pods yet (there are 20 pods). Retrying in 5 seconds...
Not the required number of pods yet (there are 20 pods). Retrying in 5 seconds...
Not the required number of pods yet (there are 20 pods). Retrying in 5 seconds...
Not the required number of pods yet (there are 20 pods). Retrying in 5 seconds...
Not the required number of pods yet (there are 20 pods). Retrying in 5 seconds...
Not the required number of pods yet (there are 20 pods). Retrying in 5 seconds...
Not the required number of pods yet (there are 19 pods). Retrying in 5 seconds...
Not the required number of pods yet (there are 18 pods). Retrying in 5 seconds...
Not the required number of pods yet (there are 18 pods). Retrying in 5 seconds...
Not the required number of pods yet (there are 18 pods). Retrying in 5 seconds...
Not the required number of pods yet (there are 17 pods). Retrying in 5 seconds...
Not the required number of pods yet (there are 16 pods). Retrying in 5 seconds...
Not the required number of pods yet (there are 16 pods). Retrying in 5 seconds...
Not the required number of pods yet (there are 16 pods). Retrying in 5 seconds...
Helm chart is ready.
Saving logs from pods during execution
Saving logs for pod result-00001-deployment-858f7d995f-9rc64 to ./results/test_amt-10_auth-1_verify-1_20250228085517/pod_result-00001-deployment-858f7d995f-9rc64_logs_pre.txt
Saving logs for pod verify-transaction-go-00001-deployment-798cf6648f-km55q to ./results/test_amt-10_auth-1_verify-1_20250228085517/pod_verify-transaction-go-00001-deployment-798cf6648f-km55q_logs_pre.txt
Saving logs for pod authorization-php-00001-deployment-5986fbf7f4-cdkw5 to ./results/test_amt-10_auth-1_verify-1_20250228085517/pod_authorization-php-00001-deployment-5986fbf7f4-cdkw5_logs_pre.txt
Saving logs for pod authorization-go-00001-deployment-5564799784-7zfw6 to ./results/test_amt-10_auth-1_verify-1_20250228085517/pod_authorization-go-00001-deployment-5564799784-7zfw6_logs_pre.txt
Saving logs for pod login-00001-deployment-9fffb9749-2ng9l to ./results/test_amt-10_auth-1_verify-1_20250228085517/pod_login-00001-deployment-9fffb9749-2ng9l_logs_pre.txt
Saving logs for pod authorization-java-00001-deployment-bd6bc6c59-x652v to ./results/test_amt-10_auth-1_verify-1_20250228085517/pod_authorization-java-00001-deployment-bd6bc6c59-x652v_logs_pre.txt
Saving logs for pod verify-transaction-js-00001-deployment-f488b9fd6-xjm69 to ./results/test_amt-10_auth-1_verify-1_20250228085517/pod_verify-transaction-js-00001-deployment-f488b9fd6-xjm69_logs_pre.txt
Saving logs for pod verify-transaction-php-00001-deployment-55bdc744f5-nbktr to ./results/test_amt-10_auth-1_verify-1_20250228085517/pod_verify-transaction-php-00001-deployment-55bdc744f5-nbktr_logs_pre.txt
Saving logs for pod verify-transaction-python-00001-deployment-68f4b84b77-ghfq7 to ./results/test_amt-10_auth-1_verify-1_20250228085517/pod_verify-transaction-python-00001-deployment-68f4b84b77-ghfq7_logs_pre.txt
Saving logs for pod authorization-js-00001-deployment-59ff86649f-n97r7 to ./results/test_amt-10_auth-1_verify-1_20250228085517/pod_authorization-js-00001-deployment-59ff86649f-n97r7_logs_pre.txt
Saving logs for pod authorization-python-00001-deployment-784cc7cc76-65rvn to ./results/test_amt-10_auth-1_verify-1_20250228085517/pod_authorization-python-00001-deployment-784cc7cc76-65rvn_logs_pre.txt
Saving logs for pod verify-transaction-java-00001-deployment-57c74d948f-8b5cx to ./results/test_amt-10_auth-1_verify-1_20250228085517/pod_verify-transaction-java-00001-deployment-57c74d948f-8b5cx_logs_pre.txt
Saving logs for pod transaction-00002-deployment-86b6bf4fc9-zf7tk to ./results/test_amt-10_auth-1_verify-1_20250228085517/pod_transaction-00002-deployment-86b6bf4fc9-zf7tk_logs_pre.txt
Saving logs for pod entry-point-00002-deployment-64fd5c5c97-7xr8w to ./results/test_amt-10_auth-1_verify-1_20250228085517/pod_entry-point-00002-deployment-64fd5c5c97-7xr8w_logs_pre.txt
Saving logs for pod mofaas-chooser-verify-transaction-00001-deployment-5f7547cwlj8v to ./results/test_amt-10_auth-1_verify-1_20250228085517/pod_mofaas-chooser-verify-transaction-00001-deployment-5f7547cwlj8v_logs_pre.txt
Saving logs for pod mofaas-chooser-authorization-00001-deployment-6b4bfcf49c-grz44 to ./results/test_amt-10_auth-1_verify-1_20250228085517/pod_mofaas-chooser-authorization-00001-deployment-6b4bfcf49c-grz44_logs_pre.txt
Saving logs for pod mofaas-chooser-authorization-00002-deployment-5b49bd945d-cxtm2 to ./results/test_amt-10_auth-1_verify-1_20250228085517/pod_mofaas-chooser-authorization-00002-deployment-5b49bd945d-cxtm2_logs_pre.txt
Saving logs for pod mofaas-chooser-verify-transaction-00002-deployment-86969789gj4f to ./results/test_amt-10_auth-1_verify-1_20250228085517/pod_mofaas-chooser-verify-transaction-00002-deployment-86969789gj4f_logs_pre.txt
Recording request traces in ./results/test_amt-10_auth-1_verify-1_20250228085517/requests_trace.txt
Saving logs from pods
Saving logs for pod result-00001-deployment-858f7d995f-9rc64 to ./results/test_amt-10_auth-1_verify-1_20250228085517/pod_result-00001-deployment-858f7d995f-9rc64_logs.txt
Error from server (BadRequest): previous terminated container "user-container" in pod "result-00001-deployment-858f7d995f-9rc64" not found
Saving logs for pod verify-transaction-go-00001-deployment-798cf6648f-km55q to ./results/test_amt-10_auth-1_verify-1_20250228085517/pod_verify-transaction-go-00001-deployment-798cf6648f-km55q_logs.txt
Error from server (BadRequest): previous terminated container "user-container" in pod "verify-transaction-go-00001-deployment-798cf6648f-km55q" not found
Saving logs for pod authorization-php-00001-deployment-5986fbf7f4-cdkw5 to ./results/test_amt-10_auth-1_verify-1_20250228085517/pod_authorization-php-00001-deployment-5986fbf7f4-cdkw5_logs.txt
Error from server (BadRequest): previous terminated container "user-container" in pod "authorization-php-00001-deployment-5986fbf7f4-cdkw5" not found
Saving logs for pod authorization-go-00001-deployment-5564799784-7zfw6 to ./results/test_amt-10_auth-1_verify-1_20250228085517/pod_authorization-go-00001-deployment-5564799784-7zfw6_logs.txt
Error from server (BadRequest): previous terminated container "user-container" in pod "authorization-go-00001-deployment-5564799784-7zfw6" not found
Saving logs for pod login-00001-deployment-9fffb9749-2ng9l to ./results/test_amt-10_auth-1_verify-1_20250228085517/pod_login-00001-deployment-9fffb9749-2ng9l_logs.txt
Error from server (BadRequest): previous terminated container "user-container" in pod "login-00001-deployment-9fffb9749-2ng9l" not found
Saving logs for pod authorization-java-00001-deployment-bd6bc6c59-x652v to ./results/test_amt-10_auth-1_verify-1_20250228085517/pod_authorization-java-00001-deployment-bd6bc6c59-x652v_logs.txt
Error from server (BadRequest): previous terminated container "user-container" in pod "authorization-java-00001-deployment-bd6bc6c59-x652v" not found
Saving logs for pod verify-transaction-js-00001-deployment-f488b9fd6-xjm69 to ./results/test_amt-10_auth-1_verify-1_20250228085517/pod_verify-transaction-js-00001-deployment-f488b9fd6-xjm69_logs.txt
Error from server (BadRequest): previous terminated container "user-container" in pod "verify-transaction-js-00001-deployment-f488b9fd6-xjm69" not found
Saving logs for pod verify-transaction-php-00001-deployment-55bdc744f5-nbktr to ./results/test_amt-10_auth-1_verify-1_20250228085517/pod_verify-transaction-php-00001-deployment-55bdc744f5-nbktr_logs.txt
Error from server (BadRequest): previous terminated container "user-container" in pod "verify-transaction-php-00001-deployment-55bdc744f5-nbktr" not found
Saving logs for pod verify-transaction-python-00001-deployment-68f4b84b77-ghfq7 to ./results/test_amt-10_auth-1_verify-1_20250228085517/pod_verify-transaction-python-00001-deployment-68f4b84b77-ghfq7_logs.txt
Error from server (BadRequest): previous terminated container "user-container" in pod "verify-transaction-python-00001-deployment-68f4b84b77-ghfq7" not found
Saving logs for pod authorization-js-00001-deployment-59ff86649f-n97r7 to ./results/test_amt-10_auth-1_verify-1_20250228085517/pod_authorization-js-00001-deployment-59ff86649f-n97r7_logs.txt
Error from server (BadRequest): previous terminated container "user-container" in pod "authorization-js-00001-deployment-59ff86649f-n97r7" not found
Saving logs for pod authorization-python-00001-deployment-784cc7cc76-65rvn to ./results/test_amt-10_auth-1_verify-1_20250228085517/pod_authorization-python-00001-deployment-784cc7cc76-65rvn_logs.txt
Error from server (BadRequest): previous terminated container "user-container" in pod "authorization-python-00001-deployment-784cc7cc76-65rvn" not found
Saving logs for pod verify-transaction-java-00001-deployment-57c74d948f-8b5cx to ./results/test_amt-10_auth-1_verify-1_20250228085517/pod_verify-transaction-java-00001-deployment-57c74d948f-8b5cx_logs.txt
Error from server (BadRequest): previous terminated container "user-container" in pod "verify-transaction-java-00001-deployment-57c74d948f-8b5cx" not found
Saving logs for pod transaction-00002-deployment-86b6bf4fc9-zf7tk to ./results/test_amt-10_auth-1_verify-1_20250228085517/pod_transaction-00002-deployment-86b6bf4fc9-zf7tk_logs.txt
Error from server (BadRequest): previous terminated container "user-container" in pod "transaction-00002-deployment-86b6bf4fc9-zf7tk" not found
Saving logs for pod entry-point-00002-deployment-64fd5c5c97-7xr8w to ./results/test_amt-10_auth-1_verify-1_20250228085517/pod_entry-point-00002-deployment-64fd5c5c97-7xr8w_logs.txt
Error from server (BadRequest): previous terminated container "user-container" in pod "entry-point-00002-deployment-64fd5c5c97-7xr8w" not found
Saving logs for pod mofaas-chooser-authorization-00002-deployment-5b49bd945d-mpf2k to ./results/test_amt-10_auth-1_verify-1_20250228085517/pod_mofaas-chooser-authorization-00002-deployment-5b49bd945d-mpf2k_logs.txt
Error from server (BadRequest): previous terminated container "user-container" in pod "mofaas-chooser-authorization-00002-deployment-5b49bd945d-mpf2k" not found
Saving logs for pod mofaas-chooser-verify-transaction-00002-deployment-8696978j7p4r to ./results/test_amt-10_auth-1_verify-1_20250228085517/pod_mofaas-chooser-verify-transaction-00002-deployment-8696978j7p4r_logs.txt
Error from server (BadRequest): previous terminated container "user-container" in pod "mofaas-chooser-verify-transaction-00002-deployment-8696978j7p4r" not found
Uninstalling helm release 'bank'
release "bank" uninstalled
Waiting for all pods to be terminated in namespace 'mofaas-bank-app'...
16 pod(s) still running. Waiting 5 seconds...
17 pod(s) still running. Waiting 5 seconds...
17 pod(s) still running. Waiting 5 seconds...
17 pod(s) still running. Waiting 5 seconds...
17 pod(s) still running. Waiting 5 seconds...
17 pod(s) still running. Waiting 5 seconds...
17 pod(s) still running. Waiting 5 seconds...
16 pod(s) still running. Waiting 5 seconds...
3 pod(s) still running. Waiting 5 seconds...
All pods terminated.
Test run completed. Results saved in directory: ./results/test_amt-10_auth-1_verify-1_20250228085517
-------------------------------------------------------
Rebooting cluster machines...
Rebooting machine 10.255.30.133...
Rebooting machine 10.255.30.109...
Rebooting machine 10.255.30.35...
Waiting 280 seconds for machines to reboot...
Connection to 10.255.30.35 closed by remote host.
Connection to 10.255.30.133 closed by remote host.
Connection to 10.255.30.109 closed by remote host.
Waiting for all cluster nodes to be Ready...
All cluster nodes are Ready.
-------------------------------------------------------
Starting test run with parameters:
  Amount: 100
  Authorization Concurrency: 1
  Verify-transaction Concurrency: 1
  Test Directory: ./results/test_amt-100_auth-1_verify-1_20250228105548
Installing helm chart...
W0228 10:56:04.810001   34901 warnings.go:70] Kubernetes default value is insecure, Knative may default this to secure in a future release: spec.template.spec.containers[0].securityContext.allowPrivilegeEscalation, spec.template.spec.containers[0].securityContext.capabilities, spec.template.spec.containers[0].securityContext.runAsNonRoot, spec.template.spec.containers[0].securityContext.seccompProfile
W0228 10:56:04.830927   34901 warnings.go:70] Kubernetes default value is insecure, Knative may default this to secure in a future release: spec.template.spec.containers[0].securityContext.allowPrivilegeEscalation, spec.template.spec.containers[0].securityContext.capabilities, spec.template.spec.containers[0].securityContext.runAsNonRoot, spec.template.spec.containers[0].securityContext.seccompProfile
W0228 10:56:04.835444   34901 warnings.go:70] Kubernetes default value is insecure, Knative may default this to secure in a future release: spec.template.spec.containers[0].securityContext.allowPrivilegeEscalation, spec.template.spec.containers[0].securityContext.capabilities, spec.template.spec.containers[0].securityContext.runAsNonRoot, spec.template.spec.containers[0].securityContext.seccompProfile
W0228 10:56:04.835418   34901 warnings.go:70] Kubernetes default value is insecure, Knative may default this to secure in a future release: spec.template.spec.containers[0].securityContext.allowPrivilegeEscalation, spec.template.spec.containers[0].securityContext.capabilities, spec.template.spec.containers[0].securityContext.runAsNonRoot, spec.template.spec.containers[0].securityContext.seccompProfile
W0228 10:56:04.884469   34901 warnings.go:70] Kubernetes default value is insecure, Knative may default this to secure in a future release: spec.template.spec.containers[0].securityContext.allowPrivilegeEscalation, spec.template.spec.containers[0].securityContext.capabilities, spec.template.spec.containers[0].securityContext.runAsNonRoot, spec.template.spec.containers[0].securityContext.seccompProfile
W0228 10:56:04.952998   34901 warnings.go:70] Kubernetes default value is insecure, Knative may default this to secure in a future release: spec.template.spec.containers[0].securityContext.allowPrivilegeEscalation, spec.template.spec.containers[0].securityContext.capabilities, spec.template.spec.containers[0].securityContext.runAsNonRoot, spec.template.spec.containers[0].securityContext.seccompProfile
W0228 10:56:04.959092   34901 warnings.go:70] Kubernetes default value is insecure, Knative may default this to secure in a future release: spec.template.spec.containers[0].securityContext.allowPrivilegeEscalation, spec.template.spec.containers[0].securityContext.capabilities, spec.template.spec.containers[0].securityContext.runAsNonRoot, spec.template.spec.containers[0].securityContext.seccompProfile
W0228 10:56:04.980617   34901 warnings.go:70] Kubernetes default value is insecure, Knative may default this to secure in a future release: spec.template.spec.containers[0].securityContext.allowPrivilegeEscalation, spec.template.spec.containers[0].securityContext.capabilities, spec.template.spec.containers[0].securityContext.runAsNonRoot, spec.template.spec.containers[0].securityContext.seccompProfile
W0228 10:56:04.986285   34901 warnings.go:70] Kubernetes default value is insecure, Knative may default this to secure in a future release: spec.template.spec.containers[0].securityContext.allowPrivilegeEscalation, spec.template.spec.containers[0].securityContext.capabilities, spec.template.spec.containers[0].securityContext.runAsNonRoot, spec.template.spec.containers[0].securityContext.seccompProfile
W0228 10:56:04.988444   34901 warnings.go:70] Kubernetes default value is insecure, Knative may default this to secure in a future release: spec.template.spec.containers[0].securityContext.allowPrivilegeEscalation, spec.template.spec.containers[0].securityContext.capabilities, spec.template.spec.containers[0].securityContext.runAsNonRoot, spec.template.spec.containers[0].securityContext.seccompProfile
W0228 10:56:05.001265   34901 warnings.go:70] Kubernetes default value is insecure, Knative may default this to secure in a future release: spec.template.spec.containers[0].securityContext.allowPrivilegeEscalation, spec.template.spec.containers[0].securityContext.capabilities, spec.template.spec.containers[0].securityContext.runAsNonRoot, spec.template.spec.containers[0].securityContext.seccompProfile
W0228 10:56:05.003431   34901 warnings.go:70] Kubernetes default value is insecure, Knative may default this to secure in a future release: spec.template.spec.containers[0].securityContext.allowPrivilegeEscalation, spec.template.spec.containers[0].securityContext.capabilities, spec.template.spec.containers[0].securityContext.runAsNonRoot, spec.template.spec.containers[0].securityContext.seccompProfile
W0228 10:56:05.013525   34901 warnings.go:70] Kubernetes default value is insecure, Knative may default this to secure in a future release: spec.template.spec.containers[0].securityContext.allowPrivilegeEscalation, spec.template.spec.containers[0].securityContext.capabilities, spec.template.spec.containers[0].securityContext.runAsNonRoot, spec.template.spec.containers[0].securityContext.seccompProfile
W0228 10:56:05.015032   34901 warnings.go:70] Kubernetes default value is insecure, Knative may default this to secure in a future release: spec.template.spec.containers[0].securityContext.allowPrivilegeEscalation, spec.template.spec.containers[0].securityContext.capabilities, spec.template.spec.containers[0].securityContext.runAsNonRoot, spec.template.spec.containers[0].securityContext.seccompProfile
NAME: bank
LAST DEPLOYED: Fri Feb 28 10:55:48 2025
NAMESPACE: default
STATUS: deployed
REVISION: 1
TEST SUITE: None
Waiting for helm install to be ready (only one pod starting with 'result')...
Not the required number of pods yet (there are 20 pods). Retrying in 5 seconds...
Not the required number of pods yet (there are 20 pods). Retrying in 5 seconds...
Not the required number of pods yet (there are 20 pods). Retrying in 5 seconds...
Not the required number of pods yet (there are 20 pods). Retrying in 5 seconds...
Not the required number of pods yet (there are 20 pods). Retrying in 5 seconds...
Not the required number of pods yet (there are 20 pods). Retrying in 5 seconds...
Not the required number of pods yet (there are 20 pods). Retrying in 5 seconds...
Not the required number of pods yet (there are 20 pods). Retrying in 5 seconds...
Not the required number of pods yet (there are 20 pods). Retrying in 5 seconds...
Not the required number of pods yet (there are 20 pods). Retrying in 5 seconds...
Not the required number of pods yet (there are 20 pods). Retrying in 5 seconds...
Not the required number of pods yet (there are 20 pods). Retrying in 5 seconds...
Not the required number of pods yet (there are 20 pods). Retrying in 5 seconds...
Not the required number of pods yet (there are 20 pods). Retrying in 5 seconds...
Not the required number of pods yet (there are 20 pods). Retrying in 5 seconds...
Not the required number of pods yet (there are 19 pods). Retrying in 5 seconds...
Not the required number of pods yet (there are 18 pods). Retrying in 5 seconds...
Not the required number of pods yet (there are 17 pods). Retrying in 5 seconds...
Not the required number of pods yet (there are 17 pods). Retrying in 5 seconds...
Not the required number of pods yet (there are 17 pods). Retrying in 5 seconds...
Not the required number of pods yet (there are 16 pods). Retrying in 5 seconds...
Helm chart is ready.
Saving logs from pods during execution
Saving logs for pod verify-transaction-php-00001-deployment-55457d6df4-q8ccj to ./results/test_amt-100_auth-1_verify-1_20250228105548/pod_verify-transaction-php-00001-deployment-55457d6df4-q8ccj_logs_pre.txt
Saving logs for pod authorization-go-00001-deployment-6fb5f47655-dd4mh to ./results/test_amt-100_auth-1_verify-1_20250228105548/pod_authorization-go-00001-deployment-6fb5f47655-dd4mh_logs_pre.txt
Saving logs for pod authorization-python-00001-deployment-58f85985c8-5hxgd to ./results/test_amt-100_auth-1_verify-1_20250228105548/pod_authorization-python-00001-deployment-58f85985c8-5hxgd_logs_pre.txt
Saving logs for pod authorization-js-00001-deployment-5ffd87fbf7-fzs2q to ./results/test_amt-100_auth-1_verify-1_20250228105548/pod_authorization-js-00001-deployment-5ffd87fbf7-fzs2q_logs_pre.txt
Saving logs for pod result-00001-deployment-688846597c-mkw4w to ./results/test_amt-100_auth-1_verify-1_20250228105548/pod_result-00001-deployment-688846597c-mkw4w_logs_pre.txt
Saving logs for pod login-00001-deployment-b8bf69c8c-d45f6 to ./results/test_amt-100_auth-1_verify-1_20250228105548/pod_login-00001-deployment-b8bf69c8c-d45f6_logs_pre.txt
Saving logs for pod authorization-php-00001-deployment-7cbb4f87c9-cn568 to ./results/test_amt-100_auth-1_verify-1_20250228105548/pod_authorization-php-00001-deployment-7cbb4f87c9-cn568_logs_pre.txt
Saving logs for pod authorization-java-00001-deployment-5c86b8865d-bfth4 to ./results/test_amt-100_auth-1_verify-1_20250228105548/pod_authorization-java-00001-deployment-5c86b8865d-bfth4_logs_pre.txt
Saving logs for pod verify-transaction-go-00001-deployment-754db47878-xvbcc to ./results/test_amt-100_auth-1_verify-1_20250228105548/pod_verify-transaction-go-00001-deployment-754db47878-xvbcc_logs_pre.txt
Saving logs for pod verify-transaction-js-00001-deployment-657cb9fdf5-zc6kf to ./results/test_amt-100_auth-1_verify-1_20250228105548/pod_verify-transaction-js-00001-deployment-657cb9fdf5-zc6kf_logs_pre.txt
Saving logs for pod verify-transaction-java-00001-deployment-5745c4cd57-qrw5m to ./results/test_amt-100_auth-1_verify-1_20250228105548/pod_verify-transaction-java-00001-deployment-5745c4cd57-qrw5m_logs_pre.txt
Saving logs for pod verify-transaction-python-00001-deployment-d9657f484-7txjp to ./results/test_amt-100_auth-1_verify-1_20250228105548/pod_verify-transaction-python-00001-deployment-d9657f484-7txjp_logs_pre.txt
Saving logs for pod transaction-00002-deployment-6998555959-tfs4j to ./results/test_amt-100_auth-1_verify-1_20250228105548/pod_transaction-00002-deployment-6998555959-tfs4j_logs_pre.txt
Saving logs for pod entry-point-00002-deployment-5678459c58-qkmh4 to ./results/test_amt-100_auth-1_verify-1_20250228105548/pod_entry-point-00002-deployment-5678459c58-qkmh4_logs_pre.txt
Saving logs for pod mofaas-chooser-authorization-00001-deployment-6b4f6d748d-47h5t to ./results/test_amt-100_auth-1_verify-1_20250228105548/pod_mofaas-chooser-authorization-00001-deployment-6b4f6d748d-47h5t_logs_pre.txt
Saving logs for pod entry-point-00001-deployment-94cff6f79-6nrp9 to ./results/test_amt-100_auth-1_verify-1_20250228105548/pod_entry-point-00001-deployment-94cff6f79-6nrp9_logs_pre.txt
Saving logs for pod transaction-00001-deployment-55695457bd-tgbwb to ./results/test_amt-100_auth-1_verify-1_20250228105548/pod_transaction-00001-deployment-55695457bd-tgbwb_logs_pre.txt
Saving logs for pod mofaas-chooser-verify-transaction-00001-deployment-6655647n99zk to ./results/test_amt-100_auth-1_verify-1_20250228105548/pod_mofaas-chooser-verify-transaction-00001-deployment-6655647n99zk_logs_pre.txt
Saving logs for pod mofaas-chooser-verify-transaction-00002-deployment-546ffc8b54jc to ./results/test_amt-100_auth-1_verify-1_20250228105548/pod_mofaas-chooser-verify-transaction-00002-deployment-546ffc8b54jc_logs_pre.txt
Saving logs for pod mofaas-chooser-authorization-00002-deployment-68c8b788d8-66pfn to ./results/test_amt-100_auth-1_verify-1_20250228105548/pod_mofaas-chooser-authorization-00002-deployment-68c8b788d8-66pfn_logs_pre.txt
Recording request traces in ./results/test_amt-100_auth-1_verify-1_20250228105548/requests_trace.txt
Saving logs from pods
Saving logs for pod verify-transaction-php-00001-deployment-55457d6df4-q8ccj to ./results/test_amt-100_auth-1_verify-1_20250228105548/pod_verify-transaction-php-00001-deployment-55457d6df4-q8ccj_logs.txt
Error from server (BadRequest): previous terminated container "user-container" in pod "verify-transaction-php-00001-deployment-55457d6df4-q8ccj" not found
Saving logs for pod authorization-go-00001-deployment-6fb5f47655-dd4mh to ./results/test_amt-100_auth-1_verify-1_20250228105548/pod_authorization-go-00001-deployment-6fb5f47655-dd4mh_logs.txt
Error from server (BadRequest): previous terminated container "user-container" in pod "authorization-go-00001-deployment-6fb5f47655-dd4mh" not found
Saving logs for pod authorization-python-00001-deployment-58f85985c8-5hxgd to ./results/test_amt-100_auth-1_verify-1_20250228105548/pod_authorization-python-00001-deployment-58f85985c8-5hxgd_logs.txt
Error from server (BadRequest): previous terminated container "user-container" in pod "authorization-python-00001-deployment-58f85985c8-5hxgd" not found
Saving logs for pod authorization-js-00001-deployment-5ffd87fbf7-fzs2q to ./results/test_amt-100_auth-1_verify-1_20250228105548/pod_authorization-js-00001-deployment-5ffd87fbf7-fzs2q_logs.txt
Error from server (BadRequest): previous terminated container "user-container" in pod "authorization-js-00001-deployment-5ffd87fbf7-fzs2q" not found
Saving logs for pod result-00001-deployment-688846597c-mkw4w to ./results/test_amt-100_auth-1_verify-1_20250228105548/pod_result-00001-deployment-688846597c-mkw4w_logs.txt
Error from server (BadRequest): previous terminated container "user-container" in pod "result-00001-deployment-688846597c-mkw4w" not found
Saving logs for pod login-00001-deployment-b8bf69c8c-d45f6 to ./results/test_amt-100_auth-1_verify-1_20250228105548/pod_login-00001-deployment-b8bf69c8c-d45f6_logs.txt
Error from server (BadRequest): previous terminated container "user-container" in pod "login-00001-deployment-b8bf69c8c-d45f6" not found
Saving logs for pod authorization-php-00001-deployment-7cbb4f87c9-cn568 to ./results/test_amt-100_auth-1_verify-1_20250228105548/pod_authorization-php-00001-deployment-7cbb4f87c9-cn568_logs.txt
Error from server (BadRequest): previous terminated container "user-container" in pod "authorization-php-00001-deployment-7cbb4f87c9-cn568" not found
Saving logs for pod authorization-java-00001-deployment-5c86b8865d-bfth4 to ./results/test_amt-100_auth-1_verify-1_20250228105548/pod_authorization-java-00001-deployment-5c86b8865d-bfth4_logs.txt
Error from server (BadRequest): previous terminated container "user-container" in pod "authorization-java-00001-deployment-5c86b8865d-bfth4" not found
Saving logs for pod verify-transaction-go-00001-deployment-754db47878-xvbcc to ./results/test_amt-100_auth-1_verify-1_20250228105548/pod_verify-transaction-go-00001-deployment-754db47878-xvbcc_logs.txt
Error from server (BadRequest): previous terminated container "user-container" in pod "verify-transaction-go-00001-deployment-754db47878-xvbcc" not found
Saving logs for pod verify-transaction-js-00001-deployment-657cb9fdf5-zc6kf to ./results/test_amt-100_auth-1_verify-1_20250228105548/pod_verify-transaction-js-00001-deployment-657cb9fdf5-zc6kf_logs.txt
Error from server (BadRequest): previous terminated container "user-container" in pod "verify-transaction-js-00001-deployment-657cb9fdf5-zc6kf" not found
Saving logs for pod verify-transaction-java-00001-deployment-5745c4cd57-qrw5m to ./results/test_amt-100_auth-1_verify-1_20250228105548/pod_verify-transaction-java-00001-deployment-5745c4cd57-qrw5m_logs.txt
Error from server (BadRequest): previous terminated container "user-container" in pod "verify-transaction-java-00001-deployment-5745c4cd57-qrw5m" not found
Saving logs for pod verify-transaction-python-00001-deployment-d9657f484-7txjp to ./results/test_amt-100_auth-1_verify-1_20250228105548/pod_verify-transaction-python-00001-deployment-d9657f484-7txjp_logs.txt
Error from server (BadRequest): previous terminated container "user-container" in pod "verify-transaction-python-00001-deployment-d9657f484-7txjp" not found
Saving logs for pod transaction-00002-deployment-6998555959-tfs4j to ./results/test_amt-100_auth-1_verify-1_20250228105548/pod_transaction-00002-deployment-6998555959-tfs4j_logs.txt
Error from server (BadRequest): previous terminated container "user-container" in pod "transaction-00002-deployment-6998555959-tfs4j" not found
Saving logs for pod entry-point-00002-deployment-5678459c58-qkmh4 to ./results/test_amt-100_auth-1_verify-1_20250228105548/pod_entry-point-00002-deployment-5678459c58-qkmh4_logs.txt
Error from server (BadRequest): previous terminated container "user-container" in pod "entry-point-00002-deployment-5678459c58-qkmh4" not found
Saving logs for pod mofaas-chooser-authorization-00002-deployment-68c8b788d8-ddp69 to ./results/test_amt-100_auth-1_verify-1_20250228105548/pod_mofaas-chooser-authorization-00002-deployment-68c8b788d8-ddp69_logs.txt
Error from server (BadRequest): previous terminated container "user-container" in pod "mofaas-chooser-authorization-00002-deployment-68c8b788d8-ddp69" not found
Saving logs for pod mofaas-chooser-verify-transaction-00002-deployment-546ffc8hqh9c to ./results/test_amt-100_auth-1_verify-1_20250228105548/pod_mofaas-chooser-verify-transaction-00002-deployment-546ffc8hqh9c_logs.txt
Error from server (BadRequest): previous terminated container "user-container" in pod "mofaas-chooser-verify-transaction-00002-deployment-546ffc8hqh9c" not found
Uninstalling helm release 'bank'
release "bank" uninstalled
Waiting for all pods to be terminated in namespace 'mofaas-bank-app'...
16 pod(s) still running. Waiting 5 seconds...
17 pod(s) still running. Waiting 5 seconds...
17 pod(s) still running. Waiting 5 seconds...
17 pod(s) still running. Waiting 5 seconds...
17 pod(s) still running. Waiting 5 seconds...
17 pod(s) still running. Waiting 5 seconds...
17 pod(s) still running. Waiting 5 seconds...
16 pod(s) still running. Waiting 5 seconds...
3 pod(s) still running. Waiting 5 seconds...
All pods terminated.
Test run completed. Results saved in directory: ./results/test_amt-100_auth-1_verify-1_20250228105548
-------------------------------------------------------
Rebooting cluster machines...
Rebooting machine 10.255.30.133...
Rebooting machine 10.255.30.109...
Rebooting machine 10.255.30.35...
Waiting 280 seconds for machines to reboot...
Connection to 10.255.30.133 closed by remote host.
Connection to 10.255.30.35 closed by remote host.
Connection to 10.255.30.109 closed by remote host.
Waiting for all cluster nodes to be Ready...
All cluster nodes are Ready.
-------------------------------------------------------
Starting test run with parameters:
  Amount: 10
  Authorization Concurrency: 1
  Verify-transaction Concurrency: 2
  Test Directory: ./results/test_amt-10_auth-1_verify-2_20250228125641
Installing helm chart...
W0228 12:56:57.878841   66919 warnings.go:70] Kubernetes default value is insecure, Knative may default this to secure in a future release: spec.template.spec.containers[0].securityContext.allowPrivilegeEscalation, spec.template.spec.containers[0].securityContext.capabilities, spec.template.spec.containers[0].securityContext.runAsNonRoot, spec.template.spec.containers[0].securityContext.seccompProfile
W0228 12:56:57.903940   66919 warnings.go:70] Kubernetes default value is insecure, Knative may default this to secure in a future release: spec.template.spec.containers[0].securityContext.allowPrivilegeEscalation, spec.template.spec.containers[0].securityContext.capabilities, spec.template.spec.containers[0].securityContext.runAsNonRoot, spec.template.spec.containers[0].securityContext.seccompProfile
W0228 12:56:57.924583   66919 warnings.go:70] Kubernetes default value is insecure, Knative may default this to secure in a future release: spec.template.spec.containers[0].securityContext.allowPrivilegeEscalation, spec.template.spec.containers[0].securityContext.capabilities, spec.template.spec.containers[0].securityContext.runAsNonRoot, spec.template.spec.containers[0].securityContext.seccompProfile
W0228 12:56:57.957787   66919 warnings.go:70] Kubernetes default value is insecure, Knative may default this to secure in a future release: spec.template.spec.containers[0].securityContext.allowPrivilegeEscalation, spec.template.spec.containers[0].securityContext.capabilities, spec.template.spec.containers[0].securityContext.runAsNonRoot, spec.template.spec.containers[0].securityContext.seccompProfile
W0228 12:56:57.964520   66919 warnings.go:70] Kubernetes default value is insecure, Knative may default this to secure in a future release: spec.template.spec.containers[0].securityContext.allowPrivilegeEscalation, spec.template.spec.containers[0].securityContext.capabilities, spec.template.spec.containers[0].securityContext.runAsNonRoot, spec.template.spec.containers[0].securityContext.seccompProfile
W0228 12:56:57.967241   66919 warnings.go:70] Kubernetes default value is insecure, Knative may default this to secure in a future release: spec.template.spec.containers[0].securityContext.allowPrivilegeEscalation, spec.template.spec.containers[0].securityContext.capabilities, spec.template.spec.containers[0].securityContext.runAsNonRoot, spec.template.spec.containers[0].securityContext.seccompProfile
W0228 12:56:57.970709   66919 warnings.go:70] Kubernetes default value is insecure, Knative may default this to secure in a future release: spec.template.spec.containers[0].securityContext.allowPrivilegeEscalation, spec.template.spec.containers[0].securityContext.capabilities, spec.template.spec.containers[0].securityContext.runAsNonRoot, spec.template.spec.containers[0].securityContext.seccompProfile
W0228 12:56:57.971776   66919 warnings.go:70] Kubernetes default value is insecure, Knative may default this to secure in a future release: spec.template.spec.containers[0].securityContext.allowPrivilegeEscalation, spec.template.spec.containers[0].securityContext.capabilities, spec.template.spec.containers[0].securityContext.runAsNonRoot, spec.template.spec.containers[0].securityContext.seccompProfile
W0228 12:56:57.987305   66919 warnings.go:70] Kubernetes default value is insecure, Knative may default this to secure in a future release: spec.template.spec.containers[0].securityContext.allowPrivilegeEscalation, spec.template.spec.containers[0].securityContext.capabilities, spec.template.spec.containers[0].securityContext.runAsNonRoot, spec.template.spec.containers[0].securityContext.seccompProfile
W0228 12:56:57.987309   66919 warnings.go:70] Kubernetes default value is insecure, Knative may default this to secure in a future release: spec.template.spec.containers[0].securityContext.allowPrivilegeEscalation, spec.template.spec.containers[0].securityContext.capabilities, spec.template.spec.containers[0].securityContext.runAsNonRoot, spec.template.spec.containers[0].securityContext.seccompProfile
W0228 12:56:57.987458   66919 warnings.go:70] Kubernetes default value is insecure, Knative may default this to secure in a future release: spec.template.spec.containers[0].securityContext.allowPrivilegeEscalation, spec.template.spec.containers[0].securityContext.capabilities, spec.template.spec.containers[0].securityContext.runAsNonRoot, spec.template.spec.containers[0].securityContext.seccompProfile
W0228 12:56:57.987525   66919 warnings.go:70] Kubernetes default value is insecure, Knative may default this to secure in a future release: spec.template.spec.containers[0].securityContext.allowPrivilegeEscalation, spec.template.spec.containers[0].securityContext.capabilities, spec.template.spec.containers[0].securityContext.runAsNonRoot, spec.template.spec.containers[0].securityContext.seccompProfile
W0228 12:56:58.001827   66919 warnings.go:70] Kubernetes default value is insecure, Knative may default this to secure in a future release: spec.template.spec.containers[0].securityContext.allowPrivilegeEscalation, spec.template.spec.containers[0].securityContext.capabilities, spec.template.spec.containers[0].securityContext.runAsNonRoot, spec.template.spec.containers[0].securityContext.seccompProfile
W0228 12:56:58.023322   66919 warnings.go:70] Kubernetes default value is insecure, Knative may default this to secure in a future release: spec.template.spec.containers[0].securityContext.allowPrivilegeEscalation, spec.template.spec.containers[0].securityContext.capabilities, spec.template.spec.containers[0].securityContext.runAsNonRoot, spec.template.spec.containers[0].securityContext.seccompProfile
NAME: bank
LAST DEPLOYED: Fri Feb 28 12:56:41 2025
NAMESPACE: default
STATUS: deployed
REVISION: 1
TEST SUITE: None
Waiting for helm install to be ready (only one pod starting with 'result')...
Not the required number of pods yet (there are 16 pods). Retrying in 5 seconds...
Not the required number of pods yet (there are 16 pods). Retrying in 5 seconds...
Not the required number of pods yet (there are 17 pods). Retrying in 5 seconds...
Not the required number of pods yet (there are 18 pods). Retrying in 5 seconds...
Not the required number of pods yet (there are 18 pods). Retrying in 5 seconds...
Not the required number of pods yet (there are 23 pods). Retrying in 5 seconds...
Not the required number of pods yet (there are 24 pods). Retrying in 5 seconds...
Not the required number of pods yet (there are 26 pods). Retrying in 5 seconds...
Not the required number of pods yet (there are 26 pods). Retrying in 5 seconds...
Not the required number of pods yet (there are 26 pods). Retrying in 5 seconds...
Not the required number of pods yet (there are 27 pods). Retrying in 5 seconds...
Not the required number of pods yet (there are 27 pods). Retrying in 5 seconds...
Not the required number of pods yet (there are 26 pods). Retrying in 5 seconds...
Not the required number of pods yet (there are 24 pods). Retrying in 5 seconds...
Not the required number of pods yet (there are 22 pods). Retrying in 5 seconds...
Not the required number of pods yet (there are 20 pods). Retrying in 5 seconds...
Not the required number of pods yet (there are 20 pods). Retrying in 5 seconds...
Not the required number of pods yet (there are 20 pods). Retrying in 5 seconds...
Not the required number of pods yet (there are 20 pods). Retrying in 5 seconds...
Not the required number of pods yet (there are 20 pods). Retrying in 5 seconds...
Not the required number of pods yet (there are 20 pods). Retrying in 5 seconds...
Not the required number of pods yet (there are 19 pods). Retrying in 5 seconds...
Not the required number of pods yet (there are 19 pods). Retrying in 5 seconds...
Not the required number of pods yet (there are 18 pods). Retrying in 5 seconds...
Not the required number of pods yet (there are 18 pods). Retrying in 5 seconds...
Not the required number of pods yet (there are 18 pods). Retrying in 5 seconds...
Not the required number of pods yet (there are 18 pods). Retrying in 5 seconds...
Not the required number of pods yet (there are 18 pods). Retrying in 5 seconds...
Not the required number of pods yet (there are 18 pods). Retrying in 5 seconds...
Not the required number of pods yet (there are 15 pods). Retrying in 5 seconds...
Not the required number of pods yet (there are 15 pods). Retrying in 5 seconds...
Not the required number of pods yet (there are 15 pods). Retrying in 5 seconds...
Helm chart is ready.
Saving logs from pods during execution
Saving logs for pod authorization-php-00001-deployment-689b8f7fb8-2scvz to ./results/test_amt-10_auth-1_verify-2_20250228125641/pod_authorization-php-00001-deployment-689b8f7fb8-2scvz_logs_pre.txt
Saving logs for pod authorization-python-00001-deployment-5457648cf-wtrrl to ./results/test_amt-10_auth-1_verify-2_20250228125641/pod_authorization-python-00001-deployment-5457648cf-wtrrl_logs_pre.txt
Saving logs for pod authorization-go-00001-deployment-64dc98c89-lqkfs to ./results/test_amt-10_auth-1_verify-2_20250228125641/pod_authorization-go-00001-deployment-64dc98c89-lqkfs_logs_pre.txt
Saving logs for pod result-00001-deployment-667cf4478-tdn2j to ./results/test_amt-10_auth-1_verify-2_20250228125641/pod_result-00001-deployment-667cf4478-tdn2j_logs_pre.txt
Saving logs for pod login-00001-deployment-6c9c4d7b8f-7bp9s to ./results/test_amt-10_auth-1_verify-2_20250228125641/pod_login-00001-deployment-6c9c4d7b8f-7bp9s_logs_pre.txt
Saving logs for pod transaction-00002-deployment-7649c8f7d6-gmmct to ./results/test_amt-10_auth-1_verify-2_20250228125641/pod_transaction-00002-deployment-7649c8f7d6-gmmct_logs_pre.txt
Saving logs for pod authorization-java-00001-deployment-67dd9c4fcf-cw85d to ./results/test_amt-10_auth-1_verify-2_20250228125641/pod_authorization-java-00001-deployment-67dd9c4fcf-cw85d_logs_pre.txt
Saving logs for pod authorization-js-00001-deployment-56cbc4c74d-h6c8n to ./results/test_amt-10_auth-1_verify-2_20250228125641/pod_authorization-js-00001-deployment-56cbc4c74d-h6c8n_logs_pre.txt
Saving logs for pod entry-point-00002-deployment-644d7c9f69-plxzm to ./results/test_amt-10_auth-1_verify-2_20250228125641/pod_entry-point-00002-deployment-644d7c9f69-plxzm_logs_pre.txt
Saving logs for pod verify-transaction-python-00002-deployment-599dd8c695-5864z to ./results/test_amt-10_auth-1_verify-2_20250228125641/pod_verify-transaction-python-00002-deployment-599dd8c695-5864z_logs_pre.txt
Saving logs for pod verify-transaction-php-00002-deployment-589d78b775-7vpnf to ./results/test_amt-10_auth-1_verify-2_20250228125641/pod_verify-transaction-php-00002-deployment-589d78b775-7vpnf_logs_pre.txt
Saving logs for pod verify-transaction-java-00002-deployment-654cc4bb44-ps5zt to ./results/test_amt-10_auth-1_verify-2_20250228125641/pod_verify-transaction-java-00002-deployment-654cc4bb44-ps5zt_logs_pre.txt
Saving logs for pod verify-transaction-js-00002-deployment-bdffd6cf4-chgxx to ./results/test_amt-10_auth-1_verify-2_20250228125641/pod_verify-transaction-js-00002-deployment-bdffd6cf4-chgxx_logs_pre.txt
Saving logs for pod verify-transaction-go-00002-deployment-5999b57f69-swpwg to ./results/test_amt-10_auth-1_verify-2_20250228125641/pod_verify-transaction-go-00002-deployment-5999b57f69-swpwg_logs_pre.txt
Saving logs for pod mofaas-chooser-authorization-00002-deployment-67df766c65-5rw5q to ./results/test_amt-10_auth-1_verify-2_20250228125641/pod_mofaas-chooser-authorization-00002-deployment-67df766c65-5rw5q_logs_pre.txt
Saving logs for pod mofaas-egress-proxy-verify-transaction-00002-deployment-6ftb9zl to ./results/test_amt-10_auth-1_verify-2_20250228125641/pod_mofaas-egress-proxy-verify-transaction-00002-deployment-6ftb9zl_logs_pre.txt
Saving logs for pod mofaas-chooser-verify-transaction-00002-deployment-85b7b59tq2fk to ./results/test_amt-10_auth-1_verify-2_20250228125641/pod_mofaas-chooser-verify-transaction-00002-deployment-85b7b59tq2fk_logs_pre.txt
Saving logs for pod mofaas-chooser-verify-transaction-00001-deployment-5794496vwdxn to ./results/test_amt-10_auth-1_verify-2_20250228125641/pod_mofaas-chooser-verify-transaction-00001-deployment-5794496vwdxn_logs_pre.txt
Recording request traces in ./results/test_amt-10_auth-1_verify-2_20250228125641/requests_trace.txt
Saving logs from pods
Saving logs for pod authorization-php-00001-deployment-689b8f7fb8-2scvz to ./results/test_amt-10_auth-1_verify-2_20250228125641/pod_authorization-php-00001-deployment-689b8f7fb8-2scvz_logs.txt
Error from server (BadRequest): previous terminated container "user-container" in pod "authorization-php-00001-deployment-689b8f7fb8-2scvz" not found
Saving logs for pod authorization-python-00001-deployment-5457648cf-wtrrl to ./results/test_amt-10_auth-1_verify-2_20250228125641/pod_authorization-python-00001-deployment-5457648cf-wtrrl_logs.txt
Error from server (BadRequest): previous terminated container "user-container" in pod "authorization-python-00001-deployment-5457648cf-wtrrl" not found
Saving logs for pod authorization-go-00001-deployment-64dc98c89-lqkfs to ./results/test_amt-10_auth-1_verify-2_20250228125641/pod_authorization-go-00001-deployment-64dc98c89-lqkfs_logs.txt
Error from server (BadRequest): previous terminated container "user-container" in pod "authorization-go-00001-deployment-64dc98c89-lqkfs" not found
Saving logs for pod result-00001-deployment-667cf4478-tdn2j to ./results/test_amt-10_auth-1_verify-2_20250228125641/pod_result-00001-deployment-667cf4478-tdn2j_logs.txt
Error from server (BadRequest): previous terminated container "user-container" in pod "result-00001-deployment-667cf4478-tdn2j" not found
Saving logs for pod login-00001-deployment-6c9c4d7b8f-7bp9s to ./results/test_amt-10_auth-1_verify-2_20250228125641/pod_login-00001-deployment-6c9c4d7b8f-7bp9s_logs.txt
Error from server (BadRequest): previous terminated container "user-container" in pod "login-00001-deployment-6c9c4d7b8f-7bp9s" not found
Saving logs for pod transaction-00002-deployment-7649c8f7d6-gmmct to ./results/test_amt-10_auth-1_verify-2_20250228125641/pod_transaction-00002-deployment-7649c8f7d6-gmmct_logs.txt
Error from server (BadRequest): previous terminated container "user-container" in pod "transaction-00002-deployment-7649c8f7d6-gmmct" not found
Saving logs for pod authorization-java-00001-deployment-67dd9c4fcf-cw85d to ./results/test_amt-10_auth-1_verify-2_20250228125641/pod_authorization-java-00001-deployment-67dd9c4fcf-cw85d_logs.txt
Error from server (BadRequest): previous terminated container "user-container" in pod "authorization-java-00001-deployment-67dd9c4fcf-cw85d" not found
Saving logs for pod authorization-js-00001-deployment-56cbc4c74d-h6c8n to ./results/test_amt-10_auth-1_verify-2_20250228125641/pod_authorization-js-00001-deployment-56cbc4c74d-h6c8n_logs.txt
Error from server (BadRequest): previous terminated container "user-container" in pod "authorization-js-00001-deployment-56cbc4c74d-h6c8n" not found
Saving logs for pod entry-point-00002-deployment-644d7c9f69-plxzm to ./results/test_amt-10_auth-1_verify-2_20250228125641/pod_entry-point-00002-deployment-644d7c9f69-plxzm_logs.txt
Error from server (BadRequest): previous terminated container "user-container" in pod "entry-point-00002-deployment-644d7c9f69-plxzm" not found
Saving logs for pod verify-transaction-python-00002-deployment-599dd8c695-5864z to ./results/test_amt-10_auth-1_verify-2_20250228125641/pod_verify-transaction-python-00002-deployment-599dd8c695-5864z_logs.txt
Error from server (BadRequest): previous terminated container "user-container" in pod "verify-transaction-python-00002-deployment-599dd8c695-5864z" not found
Saving logs for pod verify-transaction-php-00002-deployment-589d78b775-7vpnf to ./results/test_amt-10_auth-1_verify-2_20250228125641/pod_verify-transaction-php-00002-deployment-589d78b775-7vpnf_logs.txt
Error from server (BadRequest): previous terminated container "user-container" in pod "verify-transaction-php-00002-deployment-589d78b775-7vpnf" not found
Saving logs for pod verify-transaction-java-00002-deployment-654cc4bb44-ps5zt to ./results/test_amt-10_auth-1_verify-2_20250228125641/pod_verify-transaction-java-00002-deployment-654cc4bb44-ps5zt_logs.txt
Error from server (BadRequest): previous terminated container "user-container" in pod "verify-transaction-java-00002-deployment-654cc4bb44-ps5zt" not found
Saving logs for pod verify-transaction-js-00002-deployment-bdffd6cf4-chgxx to ./results/test_amt-10_auth-1_verify-2_20250228125641/pod_verify-transaction-js-00002-deployment-bdffd6cf4-chgxx_logs.txt
Error from server (BadRequest): previous terminated container "user-container" in pod "verify-transaction-js-00002-deployment-bdffd6cf4-chgxx" not found
Saving logs for pod verify-transaction-go-00002-deployment-5999b57f69-swpwg to ./results/test_amt-10_auth-1_verify-2_20250228125641/pod_verify-transaction-go-00002-deployment-5999b57f69-swpwg_logs.txt
Error from server (BadRequest): previous terminated container "user-container" in pod "verify-transaction-go-00002-deployment-5999b57f69-swpwg" not found
Saving logs for pod mofaas-chooser-authorization-00002-deployment-67df766c65-x99tz to ./results/test_amt-10_auth-1_verify-2_20250228125641/pod_mofaas-chooser-authorization-00002-deployment-67df766c65-x99tz_logs.txt
Error from server (BadRequest): previous terminated container "user-container" in pod "mofaas-chooser-authorization-00002-deployment-67df766c65-x99tz" not found
Saving logs for pod mofaas-chooser-verify-transaction-00002-deployment-85b7b59c8h7x to ./results/test_amt-10_auth-1_verify-2_20250228125641/pod_mofaas-chooser-verify-transaction-00002-deployment-85b7b59c8h7x_logs.txt
Error from server (BadRequest): previous terminated container "user-container" in pod "mofaas-chooser-verify-transaction-00002-deployment-85b7b59c8h7x" not found
Saving logs for pod mofaas-egress-proxy-verify-transaction-00002-deployment-6fwn6fw to ./results/test_amt-10_auth-1_verify-2_20250228125641/pod_mofaas-egress-proxy-verify-transaction-00002-deployment-6fwn6fw_logs.txt
Error from server (BadRequest): previous terminated container "user-container" in pod "mofaas-egress-proxy-verify-transaction-00002-deployment-6fwn6fw" not found
Uninstalling helm release 'bank'
release "bank" uninstalled
Waiting for all pods to be terminated in namespace 'mofaas-bank-app'...
17 pod(s) still running. Waiting 5 seconds...
19 pod(s) still running. Waiting 5 seconds...
19 pod(s) still running. Waiting 5 seconds...
19 pod(s) still running. Waiting 5 seconds...
19 pod(s) still running. Waiting 5 seconds...
19 pod(s) still running. Waiting 5 seconds...
17 pod(s) still running. Waiting 5 seconds...
16 pod(s) still running. Waiting 5 seconds...
8 pod(s) still running. Waiting 5 seconds...
2 pod(s) still running. Waiting 5 seconds...
All pods terminated.
Test run completed. Results saved in directory: ./results/test_amt-10_auth-1_verify-2_20250228125641
-------------------------------------------------------
Rebooting cluster machines...
Rebooting machine 10.255.30.133...
Rebooting machine 10.255.30.109...
Rebooting machine 10.255.30.35...
Waiting 280 seconds for machines to reboot...
Connection to 10.255.30.35 closed by remote host.
Connection to 10.255.30.133 closed by remote host.
Connection to 10.255.30.109 closed by remote host.
Waiting for all cluster nodes to be Ready...
All cluster nodes are Ready.
-------------------------------------------------------
Starting test run with parameters:
  Amount: 100
  Authorization Concurrency: 1
  Verify-transaction Concurrency: 2
  Test Directory: ./results/test_amt-100_auth-1_verify-2_20250228145950
Installing helm chart...
W0228 15:00:32.847332   98778 warnings.go:70] Kubernetes default value is insecure, Knative may default this to secure in a future release: spec.template.spec.containers[0].securityContext.allowPrivilegeEscalation, spec.template.spec.containers[0].securityContext.capabilities, spec.template.spec.containers[0].securityContext.runAsNonRoot, spec.template.spec.containers[0].securityContext.seccompProfile
W0228 15:00:32.847669   98778 warnings.go:70] Kubernetes default value is insecure, Knative may default this to secure in a future release: spec.template.spec.containers[0].securityContext.allowPrivilegeEscalation, spec.template.spec.containers[0].securityContext.capabilities, spec.template.spec.containers[0].securityContext.runAsNonRoot, spec.template.spec.containers[0].securityContext.seccompProfile
W0228 15:00:32.859498   98778 warnings.go:70] Kubernetes default value is insecure, Knative may default this to secure in a future release: spec.template.spec.containers[0].securityContext.allowPrivilegeEscalation, spec.template.spec.containers[0].securityContext.capabilities, spec.template.spec.containers[0].securityContext.runAsNonRoot, spec.template.spec.containers[0].securityContext.seccompProfile
W0228 15:00:32.886771   98778 warnings.go:70] Kubernetes default value is insecure, Knative may default this to secure in a future release: spec.template.spec.containers[0].securityContext.allowPrivilegeEscalation, spec.template.spec.containers[0].securityContext.capabilities, spec.template.spec.containers[0].securityContext.runAsNonRoot, spec.template.spec.containers[0].securityContext.seccompProfile
W0228 15:00:32.897063   98778 warnings.go:70] Kubernetes default value is insecure, Knative may default this to secure in a future release: spec.template.spec.containers[0].securityContext.allowPrivilegeEscalation, spec.template.spec.containers[0].securityContext.capabilities, spec.template.spec.containers[0].securityContext.runAsNonRoot, spec.template.spec.containers[0].securityContext.seccompProfile
W0228 15:00:32.901709   98778 warnings.go:70] Kubernetes default value is insecure, Knative may default this to secure in a future release: spec.template.spec.containers[0].securityContext.allowPrivilegeEscalation, spec.template.spec.containers[0].securityContext.capabilities, spec.template.spec.containers[0].securityContext.runAsNonRoot, spec.template.spec.containers[0].securityContext.seccompProfile
W0228 15:00:32.911569   98778 warnings.go:70] Kubernetes default value is insecure, Knative may default this to secure in a future release: spec.template.spec.containers[0].securityContext.allowPrivilegeEscalation, spec.template.spec.containers[0].securityContext.capabilities, spec.template.spec.containers[0].securityContext.runAsNonRoot, spec.template.spec.containers[0].securityContext.seccompProfile
W0228 15:00:32.927851   98778 warnings.go:70] Kubernetes default value is insecure, Knative may default this to secure in a future release: spec.template.spec.containers[0].securityContext.allowPrivilegeEscalation, spec.template.spec.containers[0].securityContext.capabilities, spec.template.spec.containers[0].securityContext.runAsNonRoot, spec.template.spec.containers[0].securityContext.seccompProfile
W0228 15:00:32.933791   98778 warnings.go:70] Kubernetes default value is insecure, Knative may default this to secure in a future release: spec.template.spec.containers[0].securityContext.allowPrivilegeEscalation, spec.template.spec.containers[0].securityContext.capabilities, spec.template.spec.containers[0].securityContext.runAsNonRoot, spec.template.spec.containers[0].securityContext.seccompProfile
W0228 15:00:32.940274   98778 warnings.go:70] Kubernetes default value is insecure, Knative may default this to secure in a future release: spec.template.spec.containers[0].securityContext.allowPrivilegeEscalation, spec.template.spec.containers[0].securityContext.capabilities, spec.template.spec.containers[0].securityContext.runAsNonRoot, spec.template.spec.containers[0].securityContext.seccompProfile
W0228 15:00:32.943946   98778 warnings.go:70] Kubernetes default value is insecure, Knative may default this to secure in a future release: spec.template.spec.containers[0].securityContext.allowPrivilegeEscalation, spec.template.spec.containers[0].securityContext.capabilities, spec.template.spec.containers[0].securityContext.runAsNonRoot, spec.template.spec.containers[0].securityContext.seccompProfile
W0228 15:00:32.954341   98778 warnings.go:70] Kubernetes default value is insecure, Knative may default this to secure in a future release: spec.template.spec.containers[0].securityContext.allowPrivilegeEscalation, spec.template.spec.containers[0].securityContext.capabilities, spec.template.spec.containers[0].securityContext.runAsNonRoot, spec.template.spec.containers[0].securityContext.seccompProfile
W0228 15:00:32.966344   98778 warnings.go:70] Kubernetes default value is insecure, Knative may default this to secure in a future release: spec.template.spec.containers[0].securityContext.allowPrivilegeEscalation, spec.template.spec.containers[0].securityContext.capabilities, spec.template.spec.containers[0].securityContext.runAsNonRoot, spec.template.spec.containers[0].securityContext.seccompProfile
W0228 15:00:32.968499   98778 warnings.go:70] Kubernetes default value is insecure, Knative may default this to secure in a future release: spec.template.spec.containers[0].securityContext.allowPrivilegeEscalation, spec.template.spec.containers[0].securityContext.capabilities, spec.template.spec.containers[0].securityContext.runAsNonRoot, spec.template.spec.containers[0].securityContext.seccompProfile
NAME: bank
LAST DEPLOYED: Fri Feb 28 14:59:51 2025
NAMESPACE: default
STATUS: deployed
REVISION: 1
TEST SUITE: None
Waiting for helm install to be ready (only one pod starting with 'result')...
Not the required number of pods yet (there are 16 pods). Retrying in 5 seconds...
Not the required number of pods yet (there are 20 pods). Retrying in 5 seconds...
Not the required number of pods yet (there are 20 pods). Retrying in 5 seconds...
Not the required number of pods yet (there are 20 pods). Retrying in 5 seconds...
Not the required number of pods yet (there are 21 pods). Retrying in 5 seconds...
Not the required number of pods yet (there are 21 pods). Retrying in 5 seconds...
Not the required number of pods yet (there are 21 pods). Retrying in 5 seconds...
Not the required number of pods yet (there are 21 pods). Retrying in 5 seconds...
Not the required number of pods yet (there are 22 pods). Retrying in 5 seconds...
Not the required number of pods yet (there are 23 pods). Retrying in 5 seconds...
Not the required number of pods yet (there are 23 pods). Retrying in 5 seconds...
Not the required number of pods yet (there are 23 pods). Retrying in 5 seconds...
Not the required number of pods yet (there are 23 pods). Retrying in 5 seconds...
Not the required number of pods yet (there are 22 pods). Retrying in 5 seconds...
Not the required number of pods yet (there are 21 pods). Retrying in 5 seconds...
Not the required number of pods yet (there are 18 pods). Retrying in 5 seconds...
Not the required number of pods yet (there are 19 pods). Retrying in 5 seconds...
Not the required number of pods yet (there are 20 pods). Retrying in 5 seconds...
Not the required number of pods yet (there are 19 pods). Retrying in 5 seconds...
Not the required number of pods yet (there are 19 pods). Retrying in 5 seconds...
Not the required number of pods yet (there are 19 pods). Retrying in 5 seconds...
Not the required number of pods yet (there are 19 pods). Retrying in 5 seconds...
Not the required number of pods yet (there are 19 pods). Retrying in 5 seconds...
Not the required number of pods yet (there are 19 pods). Retrying in 5 seconds...
Not the required number of pods yet (there are 19 pods). Retrying in 5 seconds...
Not the required number of pods yet (there are 19 pods). Retrying in 5 seconds...
Not the required number of pods yet (there are 19 pods). Retrying in 5 seconds...
Not the required number of pods yet (there are 19 pods). Retrying in 5 seconds...
Not the required number of pods yet (there are 19 pods). Retrying in 5 seconds...
Not the required number of pods yet (there are 19 pods). Retrying in 5 seconds...
Not the required number of pods yet (there are 19 pods). Retrying in 5 seconds...
Not the required number of pods yet (there are 19 pods). Retrying in 5 seconds...
Not the required number of pods yet (there are 18 pods). Retrying in 5 seconds...
Not the required number of pods yet (there are 18 pods). Retrying in 5 seconds...
Not the required number of pods yet (there are 17 pods). Retrying in 5 seconds...
Not the required number of pods yet (there are 17 pods). Retrying in 5 seconds...
Not the required number of pods yet (there are 16 pods). Retrying in 5 seconds...
Not the required number of pods yet (there are 16 pods). Retrying in 5 seconds...
Helm chart is ready.
Saving logs from pods during execution
Saving logs for pod result-00001-deployment-6497fd9cf6-w555c to ./results/test_amt-100_auth-1_verify-2_20250228145950/pod_result-00001-deployment-6497fd9cf6-w555c_logs_pre.txt
Saving logs for pod authorization-go-00001-deployment-696f9f9649-v5bhv to ./results/test_amt-100_auth-1_verify-2_20250228145950/pod_authorization-go-00001-deployment-696f9f9649-v5bhv_logs_pre.txt
Saving logs for pod authorization-php-00001-deployment-5d58b44489-zxjq8 to ./results/test_amt-100_auth-1_verify-2_20250228145950/pod_authorization-php-00001-deployment-5d58b44489-zxjq8_logs_pre.txt
Saving logs for pod login-00001-deployment-7b7dd69dcc-fgm2x to ./results/test_amt-100_auth-1_verify-2_20250228145950/pod_login-00001-deployment-7b7dd69dcc-fgm2x_logs_pre.txt
Saving logs for pod authorization-js-00001-deployment-8558c86bb7-tnsc4 to ./results/test_amt-100_auth-1_verify-2_20250228145950/pod_authorization-js-00001-deployment-8558c86bb7-tnsc4_logs_pre.txt
Saving logs for pod authorization-python-00001-deployment-f9fcd4d4d-6k8d4 to ./results/test_amt-100_auth-1_verify-2_20250228145950/pod_authorization-python-00001-deployment-f9fcd4d4d-6k8d4_logs_pre.txt
Saving logs for pod authorization-java-00001-deployment-65bb85fb99-r7hml to ./results/test_amt-100_auth-1_verify-2_20250228145950/pod_authorization-java-00001-deployment-65bb85fb99-r7hml_logs_pre.txt
Saving logs for pod transaction-00002-deployment-579df696f7-dtgp2 to ./results/test_amt-100_auth-1_verify-2_20250228145950/pod_transaction-00002-deployment-579df696f7-dtgp2_logs_pre.txt
Saving logs for pod verify-transaction-go-00002-deployment-6b6bbb974b-j78sl to ./results/test_amt-100_auth-1_verify-2_20250228145950/pod_verify-transaction-go-00002-deployment-6b6bbb974b-j78sl_logs_pre.txt
Saving logs for pod verify-transaction-js-00002-deployment-658bbd45d-dqclp to ./results/test_amt-100_auth-1_verify-2_20250228145950/pod_verify-transaction-js-00002-deployment-658bbd45d-dqclp_logs_pre.txt
Saving logs for pod verify-transaction-python-00002-deployment-7497c67465-msdl2 to ./results/test_amt-100_auth-1_verify-2_20250228145950/pod_verify-transaction-python-00002-deployment-7497c67465-msdl2_logs_pre.txt
Saving logs for pod verify-transaction-java-00002-deployment-678b989877-tqrtt to ./results/test_amt-100_auth-1_verify-2_20250228145950/pod_verify-transaction-java-00002-deployment-678b989877-tqrtt_logs_pre.txt
Saving logs for pod verify-transaction-php-00002-deployment-54df77d8fb-n48sh to ./results/test_amt-100_auth-1_verify-2_20250228145950/pod_verify-transaction-php-00002-deployment-54df77d8fb-n48sh_logs_pre.txt
Saving logs for pod entry-point-00002-deployment-54c447fcf5-g6jfb to ./results/test_amt-100_auth-1_verify-2_20250228145950/pod_entry-point-00002-deployment-54c447fcf5-g6jfb_logs_pre.txt
Saving logs for pod mofaas-chooser-authorization-00001-deployment-78c8b56d4b-xwt2v to ./results/test_amt-100_auth-1_verify-2_20250228145950/pod_mofaas-chooser-authorization-00001-deployment-78c8b56d4b-xwt2v_logs_pre.txt
Saving logs for pod mofaas-egress-proxy-verify-transaction-00003-deployment-6dxkstn to ./results/test_amt-100_auth-1_verify-2_20250228145950/pod_mofaas-egress-proxy-verify-transaction-00003-deployment-6dxkstn_logs_pre.txt
Saving logs for pod mofaas-chooser-verify-transaction-00002-deployment-7488f84fqqdv to ./results/test_amt-100_auth-1_verify-2_20250228145950/pod_mofaas-chooser-verify-transaction-00002-deployment-7488f84fqqdv_logs_pre.txt
Saving logs for pod mofaas-chooser-authorization-00002-deployment-66f874b4f4-mdrxd to ./results/test_amt-100_auth-1_verify-2_20250228145950/pod_mofaas-chooser-authorization-00002-deployment-66f874b4f4-mdrxd_logs_pre.txt
Recording request traces in ./results/test_amt-100_auth-1_verify-2_20250228145950/requests_trace.txt
Saving logs from pods
Saving logs for pod result-00001-deployment-6497fd9cf6-w555c to ./results/test_amt-100_auth-1_verify-2_20250228145950/pod_result-00001-deployment-6497fd9cf6-w555c_logs.txt
Error from server (BadRequest): previous terminated container "user-container" in pod "result-00001-deployment-6497fd9cf6-w555c" not found
Saving logs for pod authorization-go-00001-deployment-696f9f9649-v5bhv to ./results/test_amt-100_auth-1_verify-2_20250228145950/pod_authorization-go-00001-deployment-696f9f9649-v5bhv_logs.txt
Error from server (BadRequest): previous terminated container "user-container" in pod "authorization-go-00001-deployment-696f9f9649-v5bhv" not found
Saving logs for pod authorization-php-00001-deployment-5d58b44489-zxjq8 to ./results/test_amt-100_auth-1_verify-2_20250228145950/pod_authorization-php-00001-deployment-5d58b44489-zxjq8_logs.txt
Error from server (BadRequest): previous terminated container "user-container" in pod "authorization-php-00001-deployment-5d58b44489-zxjq8" not found
Saving logs for pod login-00001-deployment-7b7dd69dcc-fgm2x to ./results/test_amt-100_auth-1_verify-2_20250228145950/pod_login-00001-deployment-7b7dd69dcc-fgm2x_logs.txt
Error from server (BadRequest): previous terminated container "user-container" in pod "login-00001-deployment-7b7dd69dcc-fgm2x" not found
Saving logs for pod authorization-js-00001-deployment-8558c86bb7-tnsc4 to ./results/test_amt-100_auth-1_verify-2_20250228145950/pod_authorization-js-00001-deployment-8558c86bb7-tnsc4_logs.txt
Error from server (BadRequest): previous terminated container "user-container" in pod "authorization-js-00001-deployment-8558c86bb7-tnsc4" not found
Saving logs for pod authorization-python-00001-deployment-f9fcd4d4d-6k8d4 to ./results/test_amt-100_auth-1_verify-2_20250228145950/pod_authorization-python-00001-deployment-f9fcd4d4d-6k8d4_logs.txt
Error from server (BadRequest): previous terminated container "user-container" in pod "authorization-python-00001-deployment-f9fcd4d4d-6k8d4" not found
Saving logs for pod authorization-java-00001-deployment-65bb85fb99-r7hml to ./results/test_amt-100_auth-1_verify-2_20250228145950/pod_authorization-java-00001-deployment-65bb85fb99-r7hml_logs.txt
Error from server (BadRequest): previous terminated container "user-container" in pod "authorization-java-00001-deployment-65bb85fb99-r7hml" not found
Saving logs for pod transaction-00002-deployment-579df696f7-dtgp2 to ./results/test_amt-100_auth-1_verify-2_20250228145950/pod_transaction-00002-deployment-579df696f7-dtgp2_logs.txt
Error from server (BadRequest): previous terminated container "user-container" in pod "transaction-00002-deployment-579df696f7-dtgp2" not found
Saving logs for pod verify-transaction-go-00002-deployment-6b6bbb974b-j78sl to ./results/test_amt-100_auth-1_verify-2_20250228145950/pod_verify-transaction-go-00002-deployment-6b6bbb974b-j78sl_logs.txt
Error from server (BadRequest): previous terminated container "user-container" in pod "verify-transaction-go-00002-deployment-6b6bbb974b-j78sl" not found
Saving logs for pod verify-transaction-js-00002-deployment-658bbd45d-dqclp to ./results/test_amt-100_auth-1_verify-2_20250228145950/pod_verify-transaction-js-00002-deployment-658bbd45d-dqclp_logs.txt
Error from server (BadRequest): previous terminated container "user-container" in pod "verify-transaction-js-00002-deployment-658bbd45d-dqclp" not found
Saving logs for pod verify-transaction-python-00002-deployment-7497c67465-msdl2 to ./results/test_amt-100_auth-1_verify-2_20250228145950/pod_verify-transaction-python-00002-deployment-7497c67465-msdl2_logs.txt
Error from server (BadRequest): previous terminated container "user-container" in pod "verify-transaction-python-00002-deployment-7497c67465-msdl2" not found
Saving logs for pod verify-transaction-java-00002-deployment-678b989877-tqrtt to ./results/test_amt-100_auth-1_verify-2_20250228145950/pod_verify-transaction-java-00002-deployment-678b989877-tqrtt_logs.txt
Error from server (BadRequest): previous terminated container "user-container" in pod "verify-transaction-java-00002-deployment-678b989877-tqrtt" not found
Saving logs for pod verify-transaction-php-00002-deployment-54df77d8fb-n48sh to ./results/test_amt-100_auth-1_verify-2_20250228145950/pod_verify-transaction-php-00002-deployment-54df77d8fb-n48sh_logs.txt
Error from server (BadRequest): previous terminated container "user-container" in pod "verify-transaction-php-00002-deployment-54df77d8fb-n48sh" not found
Saving logs for pod entry-point-00002-deployment-54c447fcf5-g6jfb to ./results/test_amt-100_auth-1_verify-2_20250228145950/pod_entry-point-00002-deployment-54c447fcf5-g6jfb_logs.txt
Error from server (BadRequest): previous terminated container "user-container" in pod "entry-point-00002-deployment-54c447fcf5-g6jfb" not found
Saving logs for pod mofaas-chooser-authorization-00002-deployment-66f874b4f4-f52nm to ./results/test_amt-100_auth-1_verify-2_20250228145950/pod_mofaas-chooser-authorization-00002-deployment-66f874b4f4-f52nm_logs.txt
Error from server (BadRequest): previous terminated container "user-container" in pod "mofaas-chooser-authorization-00002-deployment-66f874b4f4-f52nm" not found
Saving logs for pod mofaas-chooser-verify-transaction-00002-deployment-7488f84dwcnh to ./results/test_amt-100_auth-1_verify-2_20250228145950/pod_mofaas-chooser-verify-transaction-00002-deployment-7488f84dwcnh_logs.txt
Error from server (BadRequest): previous terminated container "user-container" in pod "mofaas-chooser-verify-transaction-00002-deployment-7488f84dwcnh" not found
Saving logs for pod mofaas-egress-proxy-verify-transaction-00003-deployment-6ddgmbp to ./results/test_amt-100_auth-1_verify-2_20250228145950/pod_mofaas-egress-proxy-verify-transaction-00003-deployment-6ddgmbp_logs.txt
Error from server (BadRequest): previous terminated container "user-container" in pod "mofaas-egress-proxy-verify-transaction-00003-deployment-6ddgmbp" not found
Uninstalling helm release 'bank'
release "bank" uninstalled
Waiting for all pods to be terminated in namespace 'mofaas-bank-app'...
18 pod(s) still running. Waiting 5 seconds...
20 pod(s) still running. Waiting 5 seconds...
20 pod(s) still running. Waiting 5 seconds...
20 pod(s) still running. Waiting 5 seconds...
20 pod(s) still running. Waiting 5 seconds...
20 pod(s) still running. Waiting 5 seconds...
20 pod(s) still running. Waiting 5 seconds...
19 pod(s) still running. Waiting 5 seconds...
11 pod(s) still running. Waiting 5 seconds...
6 pod(s) still running. Waiting 5 seconds...
All pods terminated.
Test run completed. Results saved in directory: ./results/test_amt-100_auth-1_verify-2_20250228145950
-------------------------------------------------------
Rebooting cluster machines...
Rebooting machine 10.255.30.133...
Rebooting machine 10.255.30.109...
Rebooting machine 10.255.30.35...
Waiting 280 seconds for machines to reboot...
Connection to 10.255.30.35 closed by remote host.
Connection to 10.255.30.133 closed by remote host.
Connection to 10.255.30.109 closed by remote host.
Waiting for all cluster nodes to be Ready...
All cluster nodes are Ready.
-------------------------------------------------------
Starting test run with parameters:
  Amount: 10
  Authorization Concurrency: 2
  Verify-transaction Concurrency: 1
  Test Directory: ./results/test_amt-10_auth-2_verify-1_20250228170401
Installing helm chart...
W0228 17:04:18.332493  130751 warnings.go:70] Kubernetes default value is insecure, Knative may default this to secure in a future release: spec.template.spec.containers[0].securityContext.allowPrivilegeEscalation, spec.template.spec.containers[0].securityContext.capabilities, spec.template.spec.containers[0].securityContext.runAsNonRoot, spec.template.spec.containers[0].securityContext.seccompProfile
W0228 17:04:18.340069  130751 warnings.go:70] Kubernetes default value is insecure, Knative may default this to secure in a future release: spec.template.spec.containers[0].securityContext.allowPrivilegeEscalation, spec.template.spec.containers[0].securityContext.capabilities, spec.template.spec.containers[0].securityContext.runAsNonRoot, spec.template.spec.containers[0].securityContext.seccompProfile
W0228 17:04:18.367797  130751 warnings.go:70] Kubernetes default value is insecure, Knative may default this to secure in a future release: spec.template.spec.containers[0].securityContext.allowPrivilegeEscalation, spec.template.spec.containers[0].securityContext.capabilities, spec.template.spec.containers[0].securityContext.runAsNonRoot, spec.template.spec.containers[0].securityContext.seccompProfile
W0228 17:04:18.408832  130751 warnings.go:70] Kubernetes default value is insecure, Knative may default this to secure in a future release: spec.template.spec.containers[0].securityContext.allowPrivilegeEscalation, spec.template.spec.containers[0].securityContext.capabilities, spec.template.spec.containers[0].securityContext.runAsNonRoot, spec.template.spec.containers[0].securityContext.seccompProfile
W0228 17:04:18.442118  130751 warnings.go:70] Kubernetes default value is insecure, Knative may default this to secure in a future release: spec.template.spec.containers[0].securityContext.allowPrivilegeEscalation, spec.template.spec.containers[0].securityContext.capabilities, spec.template.spec.containers[0].securityContext.runAsNonRoot, spec.template.spec.containers[0].securityContext.seccompProfile
W0228 17:04:18.442118  130751 warnings.go:70] Kubernetes default value is insecure, Knative may default this to secure in a future release: spec.template.spec.containers[0].securityContext.allowPrivilegeEscalation, spec.template.spec.containers[0].securityContext.capabilities, spec.template.spec.containers[0].securityContext.runAsNonRoot, spec.template.spec.containers[0].securityContext.seccompProfile
W0228 17:04:18.443766  130751 warnings.go:70] Kubernetes default value is insecure, Knative may default this to secure in a future release: spec.template.spec.containers[0].securityContext.allowPrivilegeEscalation, spec.template.spec.containers[0].securityContext.capabilities, spec.template.spec.containers[0].securityContext.runAsNonRoot, spec.template.spec.containers[0].securityContext.seccompProfile
W0228 17:04:18.447895  130751 warnings.go:70] Kubernetes default value is insecure, Knative may default this to secure in a future release: spec.template.spec.containers[0].securityContext.allowPrivilegeEscalation, spec.template.spec.containers[0].securityContext.capabilities, spec.template.spec.containers[0].securityContext.runAsNonRoot, spec.template.spec.containers[0].securityContext.seccompProfile
W0228 17:04:18.461783  130751 warnings.go:70] Kubernetes default value is insecure, Knative may default this to secure in a future release: spec.template.spec.containers[0].securityContext.allowPrivilegeEscalation, spec.template.spec.containers[0].securityContext.capabilities, spec.template.spec.containers[0].securityContext.runAsNonRoot, spec.template.spec.containers[0].securityContext.seccompProfile
W0228 17:04:18.481110  130751 warnings.go:70] Kubernetes default value is insecure, Knative may default this to secure in a future release: spec.template.spec.containers[0].securityContext.allowPrivilegeEscalation, spec.template.spec.containers[0].securityContext.capabilities, spec.template.spec.containers[0].securityContext.runAsNonRoot, spec.template.spec.containers[0].securityContext.seccompProfile
W0228 17:04:18.484743  130751 warnings.go:70] Kubernetes default value is insecure, Knative may default this to secure in a future release: spec.template.spec.containers[0].securityContext.allowPrivilegeEscalation, spec.template.spec.containers[0].securityContext.capabilities, spec.template.spec.containers[0].securityContext.runAsNonRoot, spec.template.spec.containers[0].securityContext.seccompProfile
W0228 17:04:18.496983  130751 warnings.go:70] Kubernetes default value is insecure, Knative may default this to secure in a future release: spec.template.spec.containers[0].securityContext.allowPrivilegeEscalation, spec.template.spec.containers[0].securityContext.capabilities, spec.template.spec.containers[0].securityContext.runAsNonRoot, spec.template.spec.containers[0].securityContext.seccompProfile
W0228 17:04:18.498770  130751 warnings.go:70] Kubernetes default value is insecure, Knative may default this to secure in a future release: spec.template.spec.containers[0].securityContext.allowPrivilegeEscalation, spec.template.spec.containers[0].securityContext.capabilities, spec.template.spec.containers[0].securityContext.runAsNonRoot, spec.template.spec.containers[0].securityContext.seccompProfile
W0228 17:04:18.508835  130751 warnings.go:70] Kubernetes default value is insecure, Knative may default this to secure in a future release: spec.template.spec.containers[0].securityContext.allowPrivilegeEscalation, spec.template.spec.containers[0].securityContext.capabilities, spec.template.spec.containers[0].securityContext.runAsNonRoot, spec.template.spec.containers[0].securityContext.seccompProfile
NAME: bank
LAST DEPLOYED: Fri Feb 28 17:04:01 2025
NAMESPACE: default
STATUS: deployed
REVISION: 1
TEST SUITE: None
Waiting for helm install to be ready (only one pod starting with 'result')...
Not the required number of pods yet (there are 11 pods). Retrying in 5 seconds...
Not the required number of pods yet (there are 11 pods). Retrying in 5 seconds...
Not the required number of pods yet (there are 12 pods). Retrying in 5 seconds...
Not the required number of pods yet (there are 13 pods). Retrying in 5 seconds...
Helm chart is ready.
Saving logs from pods during execution
Saving logs for pod entry-point-00001-deployment-d5f46dbcd-4wd69 to ./results/test_amt-10_auth-2_verify-1_20250228170401/pod_entry-point-00001-deployment-d5f46dbcd-4wd69_logs_pre.txt
Saving logs for pod authorization-python-00001-deployment-5599d54664-tq22d to ./results/test_amt-10_auth-2_verify-1_20250228170401/pod_authorization-python-00001-deployment-5599d54664-tq22d_logs_pre.txt
Saving logs for pod login-00001-deployment-644f8568cf-7vrxp to ./results/test_amt-10_auth-2_verify-1_20250228170401/pod_login-00001-deployment-644f8568cf-7vrxp_logs_pre.txt
Saving logs for pod verify-transaction-php-00001-deployment-78bcc7bf79-x5x2n to ./results/test_amt-10_auth-2_verify-1_20250228170401/pod_verify-transaction-php-00001-deployment-78bcc7bf79-x5x2n_logs_pre.txt
Saving logs for pod result-00001-deployment-7bc84d4fbd-c9nfg to ./results/test_amt-10_auth-2_verify-1_20250228170401/pod_result-00001-deployment-7bc84d4fbd-c9nfg_logs_pre.txt
Saving logs for pod authorization-js-00001-deployment-6dd564548b-nchkv to ./results/test_amt-10_auth-2_verify-1_20250228170401/pod_authorization-js-00001-deployment-6dd564548b-nchkv_logs_pre.txt
Saving logs for pod transaction-00001-deployment-7df4585844-4ssd4 to ./results/test_amt-10_auth-2_verify-1_20250228170401/pod_transaction-00001-deployment-7df4585844-4ssd4_logs_pre.txt
Saving logs for pod authorization-java-00001-deployment-555cf86484-w25ng to ./results/test_amt-10_auth-2_verify-1_20250228170401/pod_authorization-java-00001-deployment-555cf86484-w25ng_logs_pre.txt
Saving logs for pod verify-transaction-js-00001-deployment-6cfc4ff4f5-fhwj2 to ./results/test_amt-10_auth-2_verify-1_20250228170401/pod_verify-transaction-js-00001-deployment-6cfc4ff4f5-fhwj2_logs_pre.txt
Saving logs for pod authorization-php-00001-deployment-6b68966f8b-vqvxv to ./results/test_amt-10_auth-2_verify-1_20250228170401/pod_authorization-php-00001-deployment-6b68966f8b-vqvxv_logs_pre.txt
Saving logs for pod verify-transaction-java-00001-deployment-5c744fcfd4-zc47v to ./results/test_amt-10_auth-2_verify-1_20250228170401/pod_verify-transaction-java-00001-deployment-5c744fcfd4-zc47v_logs_pre.txt
Saving logs for pod verify-transaction-go-00001-deployment-5585d6cfc8-mqxjz to ./results/test_amt-10_auth-2_verify-1_20250228170401/pod_verify-transaction-go-00001-deployment-5585d6cfc8-mqxjz_logs_pre.txt
Saving logs for pod verify-transaction-python-00001-deployment-864c77d5b8-8d889 to ./results/test_amt-10_auth-2_verify-1_20250228170401/pod_verify-transaction-python-00001-deployment-864c77d5b8-8d889_logs_pre.txt
Saving logs for pod transaction-00002-deployment-666568f6b-ptjqq to ./results/test_amt-10_auth-2_verify-1_20250228170401/pod_transaction-00002-deployment-666568f6b-ptjqq_logs_pre.txt
Saving logs for pod mofaas-egress-proxy-authorization-00001-deployment-5bfc4dfr2ns9 to ./results/test_amt-10_auth-2_verify-1_20250228170401/pod_mofaas-egress-proxy-authorization-00001-deployment-5bfc4dfr2ns9_logs_pre.txt
Saving logs for pod authorization-go-00001-deployment-77d7ff86c6-c9l2b to ./results/test_amt-10_auth-2_verify-1_20250228170401/pod_authorization-go-00001-deployment-77d7ff86c6-c9l2b_logs_pre.txt
Saving logs for pod authorization-js-00002-deployment-5db4bbcbc4-hxz7b to ./results/test_amt-10_auth-2_verify-1_20250228170401/pod_authorization-js-00002-deployment-5db4bbcbc4-hxz7b_logs_pre.txt
Saving logs for pod authorization-java-00002-deployment-f9c67c54d-n8qjx to ./results/test_amt-10_auth-2_verify-1_20250228170401/pod_authorization-java-00002-deployment-f9c67c54d-n8qjx_logs_pre.txt
Saving logs for pod authorization-php-00002-deployment-74bdc57f7d-ccbtx to ./results/test_amt-10_auth-2_verify-1_20250228170401/pod_authorization-php-00002-deployment-74bdc57f7d-ccbtx_logs_pre.txt
Saving logs for pod authorization-python-00002-deployment-8f855dc44-mlfvf to ./results/test_amt-10_auth-2_verify-1_20250228170401/pod_authorization-python-00002-deployment-8f855dc44-mlfvf_logs_pre.txt
Saving logs for pod authorization-go-00002-deployment-58b844586f-4jq54 to ./results/test_amt-10_auth-2_verify-1_20250228170401/pod_authorization-go-00002-deployment-58b844586f-4jq54_logs_pre.txt
Recording request traces in ./results/test_amt-10_auth-2_verify-1_20250228170401/requests_trace.txt
Error from server (BadRequest): container "user-container" in pod "authorization-go-00002-deployment-58b844586f-4jq54" is waiting to start: PodInitializing
Error from server (BadRequest): container "user-container" in pod "verify-transaction-go-00001-deployment-5585d6cfc8-mqxjz" is waiting to start: PodInitializing
Error from server (BadRequest): container "user-container" in pod "authorization-js-00002-deployment-5db4bbcbc4-hxz7b" is waiting to start: PodInitializing
Error from server (BadRequest): container "user-container" in pod "verify-transaction-python-00001-deployment-864c77d5b8-8d889" is waiting to start: PodInitializing
Error from server (BadRequest): container "user-container" in pod "transaction-00002-deployment-666568f6b-ptjqq" is waiting to start: PodInitializing
Error from server (BadRequest): container "user-container" in pod "authorization-java-00002-deployment-f9c67c54d-n8qjx" is waiting to start: PodInitializing
Error from server (BadRequest): container "user-container" in pod "authorization-php-00002-deployment-74bdc57f7d-ccbtx" is waiting to start: PodInitializing
Saving logs from pods
Saving logs for pod login-00001-deployment-644f8568cf-7vrxp to ./results/test_amt-10_auth-2_verify-1_20250228170401/pod_login-00001-deployment-644f8568cf-7vrxp_logs.txt
Error from server (BadRequest): previous terminated container "user-container" in pod "login-00001-deployment-644f8568cf-7vrxp" not found
Saving logs for pod verify-transaction-php-00001-deployment-78bcc7bf79-x5x2n to ./results/test_amt-10_auth-2_verify-1_20250228170401/pod_verify-transaction-php-00001-deployment-78bcc7bf79-x5x2n_logs.txt
Error from server (BadRequest): previous terminated container "user-container" in pod "verify-transaction-php-00001-deployment-78bcc7bf79-x5x2n" not found
Saving logs for pod result-00001-deployment-7bc84d4fbd-c9nfg to ./results/test_amt-10_auth-2_verify-1_20250228170401/pod_result-00001-deployment-7bc84d4fbd-c9nfg_logs.txt
Error from server (BadRequest): previous terminated container "user-container" in pod "result-00001-deployment-7bc84d4fbd-c9nfg" not found
Saving logs for pod verify-transaction-js-00001-deployment-6cfc4ff4f5-fhwj2 to ./results/test_amt-10_auth-2_verify-1_20250228170401/pod_verify-transaction-js-00001-deployment-6cfc4ff4f5-fhwj2_logs.txt
Error from server (BadRequest): previous terminated container "user-container" in pod "verify-transaction-js-00001-deployment-6cfc4ff4f5-fhwj2" not found
Saving logs for pod verify-transaction-java-00001-deployment-5c744fcfd4-zc47v to ./results/test_amt-10_auth-2_verify-1_20250228170401/pod_verify-transaction-java-00001-deployment-5c744fcfd4-zc47v_logs.txt
Error from server (BadRequest): previous terminated container "user-container" in pod "verify-transaction-java-00001-deployment-5c744fcfd4-zc47v" not found
Saving logs for pod authorization-python-00002-deployment-8f855dc44-mlfvf to ./results/test_amt-10_auth-2_verify-1_20250228170401/pod_authorization-python-00002-deployment-8f855dc44-mlfvf_logs.txt
Error from server (BadRequest): previous terminated container "user-container" in pod "authorization-python-00002-deployment-8f855dc44-mlfvf" not found
Saving logs for pod authorization-go-00002-deployment-58b844586f-4jq54 to ./results/test_amt-10_auth-2_verify-1_20250228170401/pod_authorization-go-00002-deployment-58b844586f-4jq54_logs.txt
Error from server (BadRequest): previous terminated container "user-container" in pod "authorization-go-00002-deployment-58b844586f-4jq54" not found
Saving logs for pod authorization-java-00002-deployment-f9c67c54d-n8qjx to ./results/test_amt-10_auth-2_verify-1_20250228170401/pod_authorization-java-00002-deployment-f9c67c54d-n8qjx_logs.txt
Error from server (BadRequest): previous terminated container "user-container" in pod "authorization-java-00002-deployment-f9c67c54d-n8qjx" not found
Saving logs for pod authorization-js-00002-deployment-5db4bbcbc4-hxz7b to ./results/test_amt-10_auth-2_verify-1_20250228170401/pod_authorization-js-00002-deployment-5db4bbcbc4-hxz7b_logs.txt
Error from server (BadRequest): previous terminated container "user-container" in pod "authorization-js-00002-deployment-5db4bbcbc4-hxz7b" not found
Saving logs for pod verify-transaction-go-00001-deployment-5585d6cfc8-mqxjz to ./results/test_amt-10_auth-2_verify-1_20250228170401/pod_verify-transaction-go-00001-deployment-5585d6cfc8-mqxjz_logs.txt
Error from server (BadRequest): previous terminated container "user-container" in pod "verify-transaction-go-00001-deployment-5585d6cfc8-mqxjz" not found
Saving logs for pod transaction-00002-deployment-666568f6b-ptjqq to ./results/test_amt-10_auth-2_verify-1_20250228170401/pod_transaction-00002-deployment-666568f6b-ptjqq_logs.txt
Error from server (BadRequest): previous terminated container "user-container" in pod "transaction-00002-deployment-666568f6b-ptjqq" not found
Saving logs for pod verify-transaction-python-00001-deployment-864c77d5b8-8d889 to ./results/test_amt-10_auth-2_verify-1_20250228170401/pod_verify-transaction-python-00001-deployment-864c77d5b8-8d889_logs.txt
Error from server (BadRequest): previous terminated container "user-container" in pod "verify-transaction-python-00001-deployment-864c77d5b8-8d889" not found
Saving logs for pod authorization-php-00002-deployment-74bdc57f7d-ccbtx to ./results/test_amt-10_auth-2_verify-1_20250228170401/pod_authorization-php-00002-deployment-74bdc57f7d-ccbtx_logs.txt
Error from server (BadRequest): previous terminated container "user-container" in pod "authorization-php-00002-deployment-74bdc57f7d-ccbtx" not found
Saving logs for pod entry-point-00002-deployment-98d778b4f-z5kd8 to ./results/test_amt-10_auth-2_verify-1_20250228170401/pod_entry-point-00002-deployment-98d778b4f-z5kd8_logs.txt
Error from server (BadRequest): previous terminated container "user-container" in pod "entry-point-00002-deployment-98d778b4f-z5kd8" not found
Saving logs for pod mofaas-egress-proxy-authorization-00002-deployment-78f756fblblb to ./results/test_amt-10_auth-2_verify-1_20250228170401/pod_mofaas-egress-proxy-authorization-00002-deployment-78f756fblblb_logs.txt
Error from server (BadRequest): previous terminated container "user-container" in pod "mofaas-egress-proxy-authorization-00002-deployment-78f756fblblb" not found
Saving logs for pod mofaas-chooser-authorization-00002-deployment-95844f449-j9s2s to ./results/test_amt-10_auth-2_verify-1_20250228170401/pod_mofaas-chooser-authorization-00002-deployment-95844f449-j9s2s_logs.txt
Error from server (BadRequest): previous terminated container "user-container" in pod "mofaas-chooser-authorization-00002-deployment-95844f449-j9s2s" not found
Uninstalling helm release 'bank'
release "bank" uninstalled
Waiting for all pods to be terminated in namespace 'mofaas-bank-app'...
17 pod(s) still running. Waiting 5 seconds...
19 pod(s) still running. Waiting 5 seconds...
19 pod(s) still running. Waiting 5 seconds...
19 pod(s) still running. Waiting 5 seconds...
19 pod(s) still running. Waiting 5 seconds...
19 pod(s) still running. Waiting 5 seconds...
17 pod(s) still running. Waiting 5 seconds...
16 pod(s) still running. Waiting 5 seconds...
6 pod(s) still running. Waiting 5 seconds...
2 pod(s) still running. Waiting 5 seconds...
All pods terminated.
Test run completed. Results saved in directory: ./results/test_amt-10_auth-2_verify-1_20250228170401
-------------------------------------------------------
Rebooting cluster machines...
Rebooting machine 10.255.30.133...
Rebooting machine 10.255.30.109...
Rebooting machine 10.255.30.35...
Waiting 280 seconds for machines to reboot...
Connection to 10.255.30.35 closed by remote host.
Connection to 10.255.30.133 closed by remote host.
Connection to 10.255.30.109 closed by remote host.
Waiting for all cluster nodes to be Ready...
All cluster nodes are Ready.
-------------------------------------------------------
Starting test run with parameters:
  Amount: 100
  Authorization Concurrency: 2
  Verify-transaction Concurrency: 1
  Test Directory: ./results/test_amt-100_auth-2_verify-1_20250228191200
Installing helm chart...
W0228 19:12:17.061624  162678 warnings.go:70] Kubernetes default value is insecure, Knative may default this to secure in a future release: spec.template.spec.containers[0].securityContext.allowPrivilegeEscalation, spec.template.spec.containers[0].securityContext.capabilities, spec.template.spec.containers[0].securityContext.runAsNonRoot, spec.template.spec.containers[0].securityContext.seccompProfile
W0228 19:12:17.066292  162678 warnings.go:70] Kubernetes default value is insecure, Knative may default this to secure in a future release: spec.template.spec.containers[0].securityContext.allowPrivilegeEscalation, spec.template.spec.containers[0].securityContext.capabilities, spec.template.spec.containers[0].securityContext.runAsNonRoot, spec.template.spec.containers[0].securityContext.seccompProfile
W0228 19:12:17.069436  162678 warnings.go:70] Kubernetes default value is insecure, Knative may default this to secure in a future release: spec.template.spec.containers[0].securityContext.allowPrivilegeEscalation, spec.template.spec.containers[0].securityContext.capabilities, spec.template.spec.containers[0].securityContext.runAsNonRoot, spec.template.spec.containers[0].securityContext.seccompProfile
W0228 19:12:17.130694  162678 warnings.go:70] Kubernetes default value is insecure, Knative may default this to secure in a future release: spec.template.spec.containers[0].securityContext.allowPrivilegeEscalation, spec.template.spec.containers[0].securityContext.capabilities, spec.template.spec.containers[0].securityContext.runAsNonRoot, spec.template.spec.containers[0].securityContext.seccompProfile
W0228 19:12:17.173142  162678 warnings.go:70] Kubernetes default value is insecure, Knative may default this to secure in a future release: spec.template.spec.containers[0].securityContext.allowPrivilegeEscalation, spec.template.spec.containers[0].securityContext.capabilities, spec.template.spec.containers[0].securityContext.runAsNonRoot, spec.template.spec.containers[0].securityContext.seccompProfile
W0228 19:12:17.179799  162678 warnings.go:70] Kubernetes default value is insecure, Knative may default this to secure in a future release: spec.template.spec.containers[0].securityContext.allowPrivilegeEscalation, spec.template.spec.containers[0].securityContext.capabilities, spec.template.spec.containers[0].securityContext.runAsNonRoot, spec.template.spec.containers[0].securityContext.seccompProfile
W0228 19:12:17.182080  162678 warnings.go:70] Kubernetes default value is insecure, Knative may default this to secure in a future release: spec.template.spec.containers[0].securityContext.allowPrivilegeEscalation, spec.template.spec.containers[0].securityContext.capabilities, spec.template.spec.containers[0].securityContext.runAsNonRoot, spec.template.spec.containers[0].securityContext.seccompProfile
W0228 19:12:17.193942  162678 warnings.go:70] Kubernetes default value is insecure, Knative may default this to secure in a future release: spec.template.spec.containers[0].securityContext.allowPrivilegeEscalation, spec.template.spec.containers[0].securityContext.capabilities, spec.template.spec.containers[0].securityContext.runAsNonRoot, spec.template.spec.containers[0].securityContext.seccompProfile
W0228 19:12:17.194998  162678 warnings.go:70] Kubernetes default value is insecure, Knative may default this to secure in a future release: spec.template.spec.containers[0].securityContext.allowPrivilegeEscalation, spec.template.spec.containers[0].securityContext.capabilities, spec.template.spec.containers[0].securityContext.runAsNonRoot, spec.template.spec.containers[0].securityContext.seccompProfile
W0228 19:12:17.199546  162678 warnings.go:70] Kubernetes default value is insecure, Knative may default this to secure in a future release: spec.template.spec.containers[0].securityContext.allowPrivilegeEscalation, spec.template.spec.containers[0].securityContext.capabilities, spec.template.spec.containers[0].securityContext.runAsNonRoot, spec.template.spec.containers[0].securityContext.seccompProfile
W0228 19:12:17.201410  162678 warnings.go:70] Kubernetes default value is insecure, Knative may default this to secure in a future release: spec.template.spec.containers[0].securityContext.allowPrivilegeEscalation, spec.template.spec.containers[0].securityContext.capabilities, spec.template.spec.containers[0].securityContext.runAsNonRoot, spec.template.spec.containers[0].securityContext.seccompProfile
W0228 19:12:17.203250  162678 warnings.go:70] Kubernetes default value is insecure, Knative may default this to secure in a future release: spec.template.spec.containers[0].securityContext.allowPrivilegeEscalation, spec.template.spec.containers[0].securityContext.capabilities, spec.template.spec.containers[0].securityContext.runAsNonRoot, spec.template.spec.containers[0].securityContext.seccompProfile
W0228 19:12:17.233753  162678 warnings.go:70] Kubernetes default value is insecure, Knative may default this to secure in a future release: spec.template.spec.containers[0].securityContext.allowPrivilegeEscalation, spec.template.spec.containers[0].securityContext.capabilities, spec.template.spec.containers[0].securityContext.runAsNonRoot, spec.template.spec.containers[0].securityContext.seccompProfile
W0228 19:12:17.266178  162678 warnings.go:70] Kubernetes default value is insecure, Knative may default this to secure in a future release: spec.template.spec.containers[0].securityContext.allowPrivilegeEscalation, spec.template.spec.containers[0].securityContext.capabilities, spec.template.spec.containers[0].securityContext.runAsNonRoot, spec.template.spec.containers[0].securityContext.seccompProfile
NAME: bank
LAST DEPLOYED: Fri Feb 28 19:12:00 2025
NAMESPACE: default
STATUS: deployed
REVISION: 1
TEST SUITE: None
Waiting for helm install to be ready (only one pod starting with 'result')...
Not the required number of pods yet (there are 19 pods). Retrying in 5 seconds...
Not the required number of pods yet (there are 21 pods). Retrying in 5 seconds...
Not the required number of pods yet (there are 21 pods). Retrying in 5 seconds...
Not the required number of pods yet (there are 22 pods). Retrying in 5 seconds...
Not the required number of pods yet (there are 23 pods). Retrying in 5 seconds...
Not the required number of pods yet (there are 26 pods). Retrying in 5 seconds...
Not the required number of pods yet (there are 27 pods). Retrying in 5 seconds...
Not the required number of pods yet (there are 27 pods). Retrying in 5 seconds...
Not the required number of pods yet (there are 27 pods). Retrying in 5 seconds...
Not the required number of pods yet (there are 27 pods). Retrying in 5 seconds...
Not the required number of pods yet (there are 27 pods). Retrying in 5 seconds...
Not the required number of pods yet (there are 27 pods). Retrying in 5 seconds...
Not the required number of pods yet (there are 26 pods). Retrying in 5 seconds...
Not the required number of pods yet (there are 24 pods). Retrying in 5 seconds...
Not the required number of pods yet (there are 22 pods). Retrying in 5 seconds...
Not the required number of pods yet (there are 20 pods). Retrying in 5 seconds...
Not the required number of pods yet (there are 20 pods). Retrying in 5 seconds...
Not the required number of pods yet (there are 19 pods). Retrying in 5 seconds...
Not the required number of pods yet (there are 19 pods). Retrying in 5 seconds...
Not the required number of pods yet (there are 19 pods). Retrying in 5 seconds...
Not the required number of pods yet (there are 19 pods). Retrying in 5 seconds...
Not the required number of pods yet (there are 18 pods). Retrying in 5 seconds...
Not the required number of pods yet (there are 18 pods). Retrying in 5 seconds...
Not the required number of pods yet (there are 18 pods). Retrying in 5 seconds...
Not the required number of pods yet (there are 18 pods). Retrying in 5 seconds...
Not the required number of pods yet (there are 18 pods). Retrying in 5 seconds...
Not the required number of pods yet (there are 17 pods). Retrying in 5 seconds...
Not the required number of pods yet (there are 15 pods). Retrying in 5 seconds...
Helm chart is ready.
Saving logs from pods during execution
Saving logs for pod verify-transaction-python-00001-deployment-5d67b5464c-vvh66 to ./results/test_amt-100_auth-2_verify-1_20250228191200/pod_verify-transaction-python-00001-deployment-5d67b5464c-vvh66_logs_pre.txt
Saving logs for pod verify-transaction-php-00001-deployment-86988457bb-lpljm to ./results/test_amt-100_auth-2_verify-1_20250228191200/pod_verify-transaction-php-00001-deployment-86988457bb-lpljm_logs_pre.txt
Saving logs for pod verify-transaction-java-00001-deployment-97b555d69-kp6vn to ./results/test_amt-100_auth-2_verify-1_20250228191200/pod_verify-transaction-java-00001-deployment-97b555d69-kp6vn_logs_pre.txt
Saving logs for pod login-00001-deployment-869fc777f4-czfpc to ./results/test_amt-100_auth-2_verify-1_20250228191200/pod_login-00001-deployment-869fc777f4-czfpc_logs_pre.txt
Saving logs for pod verify-transaction-go-00001-deployment-59c9d7f6c-qfdz5 to ./results/test_amt-100_auth-2_verify-1_20250228191200/pod_verify-transaction-go-00001-deployment-59c9d7f6c-qfdz5_logs_pre.txt
Saving logs for pod result-00001-deployment-5f5df6dd5d-7qtql to ./results/test_amt-100_auth-2_verify-1_20250228191200/pod_result-00001-deployment-5f5df6dd5d-7qtql_logs_pre.txt
Saving logs for pod verify-transaction-js-00001-deployment-7c74cbf7bc-zdts2 to ./results/test_amt-100_auth-2_verify-1_20250228191200/pod_verify-transaction-js-00001-deployment-7c74cbf7bc-zdts2_logs_pre.txt
Saving logs for pod transaction-00002-deployment-ff9c85c9f-8ff6d to ./results/test_amt-100_auth-2_verify-1_20250228191200/pod_transaction-00002-deployment-ff9c85c9f-8ff6d_logs_pre.txt
Saving logs for pod authorization-python-00002-deployment-6b67dfc779-mhhrv to ./results/test_amt-100_auth-2_verify-1_20250228191200/pod_authorization-python-00002-deployment-6b67dfc779-mhhrv_logs_pre.txt
Saving logs for pod authorization-java-00002-deployment-845cf785b8-kvk9z to ./results/test_amt-100_auth-2_verify-1_20250228191200/pod_authorization-java-00002-deployment-845cf785b8-kvk9z_logs_pre.txt
Saving logs for pod authorization-js-00002-deployment-74c68fc767-rkc7k to ./results/test_amt-100_auth-2_verify-1_20250228191200/pod_authorization-js-00002-deployment-74c68fc767-rkc7k_logs_pre.txt
Saving logs for pod authorization-php-00002-deployment-7455df9d5b-5vwwz to ./results/test_amt-100_auth-2_verify-1_20250228191200/pod_authorization-php-00002-deployment-7455df9d5b-5vwwz_logs_pre.txt
Saving logs for pod authorization-go-00002-deployment-7d668cc6c7-fxqvr to ./results/test_amt-100_auth-2_verify-1_20250228191200/pod_authorization-go-00002-deployment-7d668cc6c7-fxqvr_logs_pre.txt
Saving logs for pod entry-point-00002-deployment-66787f586f-ls7bq to ./results/test_amt-100_auth-2_verify-1_20250228191200/pod_entry-point-00002-deployment-66787f586f-ls7bq_logs_pre.txt
Saving logs for pod mofaas-chooser-authorization-00001-deployment-55cff967cb-kg8rj to ./results/test_amt-100_auth-2_verify-1_20250228191200/pod_mofaas-chooser-authorization-00001-deployment-55cff967cb-kg8rj_logs_pre.txt
Saving logs for pod mofaas-chooser-verify-transaction-00002-deployment-67498795xsfr to ./results/test_amt-100_auth-2_verify-1_20250228191200/pod_mofaas-chooser-verify-transaction-00002-deployment-67498795xsfr_logs_pre.txt
Saving logs for pod mofaas-egress-proxy-authorization-00002-deployment-7d6fb85t8b5r to ./results/test_amt-100_auth-2_verify-1_20250228191200/pod_mofaas-egress-proxy-authorization-00002-deployment-7d6fb85t8b5r_logs_pre.txt
Saving logs for pod mofaas-chooser-authorization-00002-deployment-b965cd695-lc4hr to ./results/test_amt-100_auth-2_verify-1_20250228191200/pod_mofaas-chooser-authorization-00002-deployment-b965cd695-lc4hr_logs_pre.txt
Recording request traces in ./results/test_amt-100_auth-2_verify-1_20250228191200/requests_trace.txt
Saving logs from pods
Saving logs for pod verify-transaction-python-00001-deployment-5d67b5464c-vvh66 to ./results/test_amt-100_auth-2_verify-1_20250228191200/pod_verify-transaction-python-00001-deployment-5d67b5464c-vvh66_logs.txt
Error from server (BadRequest): previous terminated container "user-container" in pod "verify-transaction-python-00001-deployment-5d67b5464c-vvh66" not found
Saving logs for pod verify-transaction-php-00001-deployment-86988457bb-lpljm to ./results/test_amt-100_auth-2_verify-1_20250228191200/pod_verify-transaction-php-00001-deployment-86988457bb-lpljm_logs.txt
Error from server (BadRequest): previous terminated container "user-container" in pod "verify-transaction-php-00001-deployment-86988457bb-lpljm" not found
Saving logs for pod verify-transaction-java-00001-deployment-97b555d69-kp6vn to ./results/test_amt-100_auth-2_verify-1_20250228191200/pod_verify-transaction-java-00001-deployment-97b555d69-kp6vn_logs.txt
Error from server (BadRequest): previous terminated container "user-container" in pod "verify-transaction-java-00001-deployment-97b555d69-kp6vn" not found
Saving logs for pod login-00001-deployment-869fc777f4-czfpc to ./results/test_amt-100_auth-2_verify-1_20250228191200/pod_login-00001-deployment-869fc777f4-czfpc_logs.txt
Error from server (BadRequest): previous terminated container "user-container" in pod "login-00001-deployment-869fc777f4-czfpc" not found
Saving logs for pod verify-transaction-go-00001-deployment-59c9d7f6c-qfdz5 to ./results/test_amt-100_auth-2_verify-1_20250228191200/pod_verify-transaction-go-00001-deployment-59c9d7f6c-qfdz5_logs.txt
Error from server (BadRequest): previous terminated container "user-container" in pod "verify-transaction-go-00001-deployment-59c9d7f6c-qfdz5" not found
Saving logs for pod result-00001-deployment-5f5df6dd5d-7qtql to ./results/test_amt-100_auth-2_verify-1_20250228191200/pod_result-00001-deployment-5f5df6dd5d-7qtql_logs.txt
Error from server (BadRequest): previous terminated container "user-container" in pod "result-00001-deployment-5f5df6dd5d-7qtql" not found
Saving logs for pod verify-transaction-js-00001-deployment-7c74cbf7bc-zdts2 to ./results/test_amt-100_auth-2_verify-1_20250228191200/pod_verify-transaction-js-00001-deployment-7c74cbf7bc-zdts2_logs.txt
Error from server (BadRequest): previous terminated container "user-container" in pod "verify-transaction-js-00001-deployment-7c74cbf7bc-zdts2" not found
Saving logs for pod transaction-00002-deployment-ff9c85c9f-8ff6d to ./results/test_amt-100_auth-2_verify-1_20250228191200/pod_transaction-00002-deployment-ff9c85c9f-8ff6d_logs.txt
Error from server (BadRequest): previous terminated container "user-container" in pod "transaction-00002-deployment-ff9c85c9f-8ff6d" not found
Saving logs for pod authorization-python-00002-deployment-6b67dfc779-mhhrv to ./results/test_amt-100_auth-2_verify-1_20250228191200/pod_authorization-python-00002-deployment-6b67dfc779-mhhrv_logs.txt
Error from server (BadRequest): previous terminated container "user-container" in pod "authorization-python-00002-deployment-6b67dfc779-mhhrv" not found
Saving logs for pod authorization-java-00002-deployment-845cf785b8-kvk9z to ./results/test_amt-100_auth-2_verify-1_20250228191200/pod_authorization-java-00002-deployment-845cf785b8-kvk9z_logs.txt
Error from server (BadRequest): previous terminated container "user-container" in pod "authorization-java-00002-deployment-845cf785b8-kvk9z" not found
Saving logs for pod authorization-js-00002-deployment-74c68fc767-rkc7k to ./results/test_amt-100_auth-2_verify-1_20250228191200/pod_authorization-js-00002-deployment-74c68fc767-rkc7k_logs.txt
Error from server (BadRequest): previous terminated container "user-container" in pod "authorization-js-00002-deployment-74c68fc767-rkc7k" not found
Saving logs for pod authorization-php-00002-deployment-7455df9d5b-5vwwz to ./results/test_amt-100_auth-2_verify-1_20250228191200/pod_authorization-php-00002-deployment-7455df9d5b-5vwwz_logs.txt
Error from server (BadRequest): previous terminated container "user-container" in pod "authorization-php-00002-deployment-7455df9d5b-5vwwz" not found
Saving logs for pod authorization-go-00002-deployment-7d668cc6c7-fxqvr to ./results/test_amt-100_auth-2_verify-1_20250228191200/pod_authorization-go-00002-deployment-7d668cc6c7-fxqvr_logs.txt
Error from server (BadRequest): previous terminated container "user-container" in pod "authorization-go-00002-deployment-7d668cc6c7-fxqvr" not found
Saving logs for pod entry-point-00002-deployment-66787f586f-ls7bq to ./results/test_amt-100_auth-2_verify-1_20250228191200/pod_entry-point-00002-deployment-66787f586f-ls7bq_logs.txt
Error from server (BadRequest): previous terminated container "user-container" in pod "entry-point-00002-deployment-66787f586f-ls7bq" not found
Saving logs for pod mofaas-chooser-authorization-00002-deployment-b965cd695-6g4l5 to ./results/test_amt-100_auth-2_verify-1_20250228191200/pod_mofaas-chooser-authorization-00002-deployment-b965cd695-6g4l5_logs.txt
Error from server (BadRequest): previous terminated container "user-container" in pod "mofaas-chooser-authorization-00002-deployment-b965cd695-6g4l5" not found
Saving logs for pod mofaas-egress-proxy-authorization-00002-deployment-7d6fb85n6mrw to ./results/test_amt-100_auth-2_verify-1_20250228191200/pod_mofaas-egress-proxy-authorization-00002-deployment-7d6fb85n6mrw_logs.txt
Error from server (BadRequest): previous terminated container "user-container" in pod "mofaas-egress-proxy-authorization-00002-deployment-7d6fb85n6mrw" not found
Uninstalling helm release 'bank'
release "bank" uninstalled
Waiting for all pods to be terminated in namespace 'mofaas-bank-app'...
16 pod(s) still running. Waiting 5 seconds...
19 pod(s) still running. Waiting 5 seconds...
19 pod(s) still running. Waiting 5 seconds...
19 pod(s) still running. Waiting 5 seconds...
19 pod(s) still running. Waiting 5 seconds...
19 pod(s) still running. Waiting 5 seconds...
18 pod(s) still running. Waiting 5 seconds...
15 pod(s) still running. Waiting 5 seconds...
9 pod(s) still running. Waiting 5 seconds...
5 pod(s) still running. Waiting 5 seconds...
All pods terminated.
Test run completed. Results saved in directory: ./results/test_amt-100_auth-2_verify-1_20250228191200
-------------------------------------------------------
Rebooting cluster machines...
Rebooting machine 10.255.30.133...
Rebooting machine 10.255.30.109...
Rebooting machine 10.255.30.35...
Waiting 280 seconds for machines to reboot...
Connection to 10.255.30.35 closed by remote host.
Connection to 10.255.30.109 closed by remote host.
Connection to 10.255.30.133 closed by remote host.
Waiting for all cluster nodes to be Ready...
All cluster nodes are Ready.
-------------------------------------------------------
Starting test run with parameters:
  Amount: 10
  Authorization Concurrency: 2
  Verify-transaction Concurrency: 2
  Test Directory: ./results/test_amt-10_auth-2_verify-2_20250228212127
Installing helm chart...
W0228 21:21:50.081978  194477 warnings.go:70] Kubernetes default value is insecure, Knative may default this to secure in a future release: spec.template.spec.containers[0].securityContext.allowPrivilegeEscalation, spec.template.spec.containers[0].securityContext.capabilities, spec.template.spec.containers[0].securityContext.runAsNonRoot, spec.template.spec.containers[0].securityContext.seccompProfile
W0228 21:21:50.118685  194477 warnings.go:70] Kubernetes default value is insecure, Knative may default this to secure in a future release: spec.template.spec.containers[0].securityContext.allowPrivilegeEscalation, spec.template.spec.containers[0].securityContext.capabilities, spec.template.spec.containers[0].securityContext.runAsNonRoot, spec.template.spec.containers[0].securityContext.seccompProfile
W0228 21:21:50.189598  194477 warnings.go:70] Kubernetes default value is insecure, Knative may default this to secure in a future release: spec.template.spec.containers[0].securityContext.allowPrivilegeEscalation, spec.template.spec.containers[0].securityContext.capabilities, spec.template.spec.containers[0].securityContext.runAsNonRoot, spec.template.spec.containers[0].securityContext.seccompProfile
W0228 21:21:50.217833  194477 warnings.go:70] Kubernetes default value is insecure, Knative may default this to secure in a future release: spec.template.spec.containers[0].securityContext.allowPrivilegeEscalation, spec.template.spec.containers[0].securityContext.capabilities, spec.template.spec.containers[0].securityContext.runAsNonRoot, spec.template.spec.containers[0].securityContext.seccompProfile
W0228 21:21:50.219240  194477 warnings.go:70] Kubernetes default value is insecure, Knative may default this to secure in a future release: spec.template.spec.containers[0].securityContext.allowPrivilegeEscalation, spec.template.spec.containers[0].securityContext.capabilities, spec.template.spec.containers[0].securityContext.runAsNonRoot, spec.template.spec.containers[0].securityContext.seccompProfile
W0228 21:21:50.219844  194477 warnings.go:70] Kubernetes default value is insecure, Knative may default this to secure in a future release: spec.template.spec.containers[0].securityContext.allowPrivilegeEscalation, spec.template.spec.containers[0].securityContext.capabilities, spec.template.spec.containers[0].securityContext.runAsNonRoot, spec.template.spec.containers[0].securityContext.seccompProfile
W0228 21:21:50.220034  194477 warnings.go:70] Kubernetes default value is insecure, Knative may default this to secure in a future release: spec.template.spec.containers[0].securityContext.allowPrivilegeEscalation, spec.template.spec.containers[0].securityContext.capabilities, spec.template.spec.containers[0].securityContext.runAsNonRoot, spec.template.spec.containers[0].securityContext.seccompProfile
W0228 21:21:50.224857  194477 warnings.go:70] Kubernetes default value is insecure, Knative may default this to secure in a future release: spec.template.spec.containers[0].securityContext.allowPrivilegeEscalation, spec.template.spec.containers[0].securityContext.capabilities, spec.template.spec.containers[0].securityContext.runAsNonRoot, spec.template.spec.containers[0].securityContext.seccompProfile
W0228 21:21:50.251071  194477 warnings.go:70] Kubernetes default value is insecure, Knative may default this to secure in a future release: spec.template.spec.containers[0].securityContext.allowPrivilegeEscalation, spec.template.spec.containers[0].securityContext.capabilities, spec.template.spec.containers[0].securityContext.runAsNonRoot, spec.template.spec.containers[0].securityContext.seccompProfile
W0228 21:21:50.256447  194477 warnings.go:70] Kubernetes default value is insecure, Knative may default this to secure in a future release: spec.template.spec.containers[0].securityContext.allowPrivilegeEscalation, spec.template.spec.containers[0].securityContext.capabilities, spec.template.spec.containers[0].securityContext.runAsNonRoot, spec.template.spec.containers[0].securityContext.seccompProfile
W0228 21:21:50.277161  194477 warnings.go:70] Kubernetes default value is insecure, Knative may default this to secure in a future release: spec.template.spec.containers[0].securityContext.allowPrivilegeEscalation, spec.template.spec.containers[0].securityContext.capabilities, spec.template.spec.containers[0].securityContext.runAsNonRoot, spec.template.spec.containers[0].securityContext.seccompProfile
W0228 21:21:50.281403  194477 warnings.go:70] Kubernetes default value is insecure, Knative may default this to secure in a future release: spec.template.spec.containers[0].securityContext.allowPrivilegeEscalation, spec.template.spec.containers[0].securityContext.capabilities, spec.template.spec.containers[0].securityContext.runAsNonRoot, spec.template.spec.containers[0].securityContext.seccompProfile
W0228 21:21:50.319129  194477 warnings.go:70] Kubernetes default value is insecure, Knative may default this to secure in a future release: spec.template.spec.containers[0].securityContext.allowPrivilegeEscalation, spec.template.spec.containers[0].securityContext.capabilities, spec.template.spec.containers[0].securityContext.runAsNonRoot, spec.template.spec.containers[0].securityContext.seccompProfile
W0228 21:21:50.601763  194477 warnings.go:70] Kubernetes default value is insecure, Knative may default this to secure in a future release: spec.template.spec.containers[0].securityContext.allowPrivilegeEscalation, spec.template.spec.containers[0].securityContext.capabilities, spec.template.spec.containers[0].securityContext.runAsNonRoot, spec.template.spec.containers[0].securityContext.seccompProfile
NAME: bank
LAST DEPLOYED: Fri Feb 28 21:21:27 2025
NAMESPACE: default
STATUS: deployed
REVISION: 1
TEST SUITE: None
Waiting for helm install to be ready (only one pod starting with 'result')...
Not the required number of pods yet (there are 11 pods). Retrying in 5 seconds...
Not the required number of pods yet (there are 11 pods). Retrying in 5 seconds...
Not the required number of pods yet (there are 11 pods). Retrying in 5 seconds...
Not the required number of pods yet (there are 11 pods). Retrying in 5 seconds...
Helm chart is ready.
Saving logs from pods during execution
Saving logs for pod authorization-php-00001-deployment-85797c7d9c-psjmt to ./results/test_amt-10_auth-2_verify-2_20250228212127/pod_authorization-php-00001-deployment-85797c7d9c-psjmt_logs_pre.txt
Saving logs for pod result-00001-deployment-7789c84c-n8kf2 to ./results/test_amt-10_auth-2_verify-2_20250228212127/pod_result-00001-deployment-7789c84c-n8kf2_logs_pre.txt
Saving logs for pod mofaas-egress-proxy-authorization-00001-deployment-89cdb7b956qd to ./results/test_amt-10_auth-2_verify-2_20250228212127/pod_mofaas-egress-proxy-authorization-00001-deployment-89cdb7b956qd_logs_pre.txt
Saving logs for pod authorization-python-00001-deployment-6565dfddb8-czkfp to ./results/test_amt-10_auth-2_verify-2_20250228212127/pod_authorization-python-00001-deployment-6565dfddb8-czkfp_logs_pre.txt
Saving logs for pod entry-point-00001-deployment-578d75498-g6cnk to ./results/test_amt-10_auth-2_verify-2_20250228212127/pod_entry-point-00001-deployment-578d75498-g6cnk_logs_pre.txt
Saving logs for pod authorization-js-00001-deployment-59b7f964f7-grsp6 to ./results/test_amt-10_auth-2_verify-2_20250228212127/pod_authorization-js-00001-deployment-59b7f964f7-grsp6_logs_pre.txt
Saving logs for pod login-00001-deployment-7668f49bcf-z6bcq to ./results/test_amt-10_auth-2_verify-2_20250228212127/pod_login-00001-deployment-7668f49bcf-z6bcq_logs_pre.txt
Saving logs for pod verify-transaction-go-00001-deployment-6757dd7969-vdpkc to ./results/test_amt-10_auth-2_verify-2_20250228212127/pod_verify-transaction-go-00001-deployment-6757dd7969-vdpkc_logs_pre.txt
Saving logs for pod transaction-00001-deployment-5467c95578-7s94z to ./results/test_amt-10_auth-2_verify-2_20250228212127/pod_transaction-00001-deployment-5467c95578-7s94z_logs_pre.txt
Saving logs for pod authorization-java-00001-deployment-66f77d49f4-qlf72 to ./results/test_amt-10_auth-2_verify-2_20250228212127/pod_authorization-java-00001-deployment-66f77d49f4-qlf72_logs_pre.txt
Saving logs for pod verify-transaction-java-00001-deployment-59d55478cf-vm5fx to ./results/test_amt-10_auth-2_verify-2_20250228212127/pod_verify-transaction-java-00001-deployment-59d55478cf-vm5fx_logs_pre.txt
Saving logs for pod verify-transaction-js-00001-deployment-5cb7557786-ww65g to ./results/test_amt-10_auth-2_verify-2_20250228212127/pod_verify-transaction-js-00001-deployment-5cb7557786-ww65g_logs_pre.txt
Saving logs for pod verify-transaction-python-00001-deployment-6cfcc6bbf9-jkf9f to ./results/test_amt-10_auth-2_verify-2_20250228212127/pod_verify-transaction-python-00001-deployment-6cfcc6bbf9-jkf9f_logs_pre.txt
Saving logs for pod verify-transaction-php-00001-deployment-7468bf4f9d-7cpw5 to ./results/test_amt-10_auth-2_verify-2_20250228212127/pod_verify-transaction-php-00001-deployment-7468bf4f9d-7cpw5_logs_pre.txt
Saving logs for pod authorization-go-00001-deployment-6555475b8f-6fvjj to ./results/test_amt-10_auth-2_verify-2_20250228212127/pod_authorization-go-00001-deployment-6555475b8f-6fvjj_logs_pre.txt
Saving logs for pod authorization-python-00002-deployment-65dc548f44-znp6z to ./results/test_amt-10_auth-2_verify-2_20250228212127/pod_authorization-python-00002-deployment-65dc548f44-znp6z_logs_pre.txt
Saving logs for pod authorization-php-00002-deployment-d7c5fb6b8-vd2hx to ./results/test_amt-10_auth-2_verify-2_20250228212127/pod_authorization-php-00002-deployment-d7c5fb6b8-vd2hx_logs_pre.txt
Saving logs for pod authorization-java-00002-deployment-cc7f6f9f8-wnq92 to ./results/test_amt-10_auth-2_verify-2_20250228212127/pod_authorization-java-00002-deployment-cc7f6f9f8-wnq92_logs_pre.txt
Saving logs for pod authorization-js-00002-deployment-5f94bf5dc-qtp58 to ./results/test_amt-10_auth-2_verify-2_20250228212127/pod_authorization-js-00002-deployment-5f94bf5dc-qtp58_logs_pre.txt
Saving logs for pod authorization-go-00002-deployment-6ff89698f6-xjphd to ./results/test_amt-10_auth-2_verify-2_20250228212127/pod_authorization-go-00002-deployment-6ff89698f6-xjphd_logs_pre.txt
Recording request traces in ./results/test_amt-10_auth-2_verify-2_20250228212127/requests_trace.txt
Error from server (BadRequest): container "user-container" in pod "authorization-php-00001-deployment-85797c7d9c-psjmt" is waiting to start: PodInitializing
Error from server (BadRequest): container "user-container" in pod "mofaas-egress-proxy-authorization-00001-deployment-89cdb7b956qd" is waiting to start: ContainerCreating
Error from server (BadRequest): container "user-container" in pod "authorization-php-00002-deployment-d7c5fb6b8-vd2hx" is waiting to start: PodInitializing
Error from server (BadRequest): container "user-container" in pod "result-00001-deployment-7789c84c-n8kf2" is waiting to start: PodInitializing
Error from server (BadRequest): container "user-container" in pod "authorization-go-00001-deployment-6555475b8f-6fvjj" is waiting to start: PodInitializing
Error from server (BadRequest): container "user-container" in pod "authorization-python-00002-deployment-65dc548f44-znp6z" is waiting to start: PodInitializing
Saving logs from pods
Saving logs for pod login-00001-deployment-7668f49bcf-z6bcq to ./results/test_amt-10_auth-2_verify-2_20250228212127/pod_login-00001-deployment-7668f49bcf-z6bcq_logs.txt
Error from server (BadRequest): previous terminated container "user-container" in pod "login-00001-deployment-7668f49bcf-z6bcq" not found
Saving logs for pod authorization-js-00002-deployment-5f94bf5dc-qtp58 to ./results/test_amt-10_auth-2_verify-2_20250228212127/pod_authorization-js-00002-deployment-5f94bf5dc-qtp58_logs.txt
Error from server (BadRequest): previous terminated container "user-container" in pod "authorization-js-00002-deployment-5f94bf5dc-qtp58" not found
Saving logs for pod authorization-go-00002-deployment-6ff89698f6-xjphd to ./results/test_amt-10_auth-2_verify-2_20250228212127/pod_authorization-go-00002-deployment-6ff89698f6-xjphd_logs.txt
Error from server (BadRequest): previous terminated container "user-container" in pod "authorization-go-00002-deployment-6ff89698f6-xjphd" not found
Saving logs for pod authorization-java-00002-deployment-cc7f6f9f8-wnq92 to ./results/test_amt-10_auth-2_verify-2_20250228212127/pod_authorization-java-00002-deployment-cc7f6f9f8-wnq92_logs.txt
Error from server (BadRequest): previous terminated container "user-container" in pod "authorization-java-00002-deployment-cc7f6f9f8-wnq92" not found
Saving logs for pod result-00001-deployment-7789c84c-n8kf2 to ./results/test_amt-10_auth-2_verify-2_20250228212127/pod_result-00001-deployment-7789c84c-n8kf2_logs.txt
Error from server (BadRequest): previous terminated container "user-container" in pod "result-00001-deployment-7789c84c-n8kf2" not found
Saving logs for pod authorization-python-00002-deployment-65dc548f44-znp6z to ./results/test_amt-10_auth-2_verify-2_20250228212127/pod_authorization-python-00002-deployment-65dc548f44-znp6z_logs.txt
Error from server (BadRequest): previous terminated container "user-container" in pod "authorization-python-00002-deployment-65dc548f44-znp6z" not found
Saving logs for pod authorization-php-00002-deployment-d7c5fb6b8-vd2hx to ./results/test_amt-10_auth-2_verify-2_20250228212127/pod_authorization-php-00002-deployment-d7c5fb6b8-vd2hx_logs.txt
Error from server (BadRequest): previous terminated container "user-container" in pod "authorization-php-00002-deployment-d7c5fb6b8-vd2hx" not found
Saving logs for pod transaction-00002-deployment-6856459f65-97tpb to ./results/test_amt-10_auth-2_verify-2_20250228212127/pod_transaction-00002-deployment-6856459f65-97tpb_logs.txt
Error from server (BadRequest): previous terminated container "user-container" in pod "transaction-00002-deployment-6856459f65-97tpb" not found
Saving logs for pod mofaas-egress-proxy-authorization-00003-deployment-66fdc9fs9fnh to ./results/test_amt-10_auth-2_verify-2_20250228212127/pod_mofaas-egress-proxy-authorization-00003-deployment-66fdc9fs9fnh_logs.txt
Error from server (BadRequest): previous terminated container "user-container" in pod "mofaas-egress-proxy-authorization-00003-deployment-66fdc9fs9fnh" not found
Saving logs for pod mofaas-chooser-authorization-00002-deployment-744597f6b4-xkpd2 to ./results/test_amt-10_auth-2_verify-2_20250228212127/pod_mofaas-chooser-authorization-00002-deployment-744597f6b4-xkpd2_logs.txt
Error from server (BadRequest): previous terminated container "user-container" in pod "mofaas-chooser-authorization-00002-deployment-744597f6b4-xkpd2" not found
Saving logs for pod entry-point-00002-deployment-7b87794ff7-jhggd to ./results/test_amt-10_auth-2_verify-2_20250228212127/pod_entry-point-00002-deployment-7b87794ff7-jhggd_logs.txt
Error from server (BadRequest): previous terminated container "user-container" in pod "entry-point-00002-deployment-7b87794ff7-jhggd" not found
Saving logs for pod verify-transaction-go-00002-deployment-745d9bc759-vdj5x to ./results/test_amt-10_auth-2_verify-2_20250228212127/pod_verify-transaction-go-00002-deployment-745d9bc759-vdj5x_logs.txt
Error from server (BadRequest): previous terminated container "user-container" in pod "verify-transaction-go-00002-deployment-745d9bc759-vdj5x" not found
Saving logs for pod verify-transaction-js-00002-deployment-57c756677-rm68n to ./results/test_amt-10_auth-2_verify-2_20250228212127/pod_verify-transaction-js-00002-deployment-57c756677-rm68n_logs.txt
Error from server (BadRequest): previous terminated container "user-container" in pod "verify-transaction-js-00002-deployment-57c756677-rm68n" not found
Saving logs for pod verify-transaction-python-00002-deployment-765b47b476-ckxqg to ./results/test_amt-10_auth-2_verify-2_20250228212127/pod_verify-transaction-python-00002-deployment-765b47b476-ckxqg_logs.txt
Error from server (BadRequest): previous terminated container "user-container" in pod "verify-transaction-python-00002-deployment-765b47b476-ckxqg" not found
Saving logs for pod verify-transaction-php-00002-deployment-685c998d45-4xkkt to ./results/test_amt-10_auth-2_verify-2_20250228212127/pod_verify-transaction-php-00002-deployment-685c998d45-4xkkt_logs.txt
Error from server (BadRequest): previous terminated container "user-container" in pod "verify-transaction-php-00002-deployment-685c998d45-4xkkt" not found
Saving logs for pod verify-transaction-java-00002-deployment-d574d7484-cqw6s to ./results/test_amt-10_auth-2_verify-2_20250228212127/pod_verify-transaction-java-00002-deployment-d574d7484-cqw6s_logs.txt
Error from server (BadRequest): previous terminated container "user-container" in pod "verify-transaction-java-00002-deployment-d574d7484-cqw6s" not found
Saving logs for pod mofaas-egress-proxy-verify-transaction-00002-deployment-76fqhzt to ./results/test_amt-10_auth-2_verify-2_20250228212127/pod_mofaas-egress-proxy-verify-transaction-00002-deployment-76fqhzt_logs.txt
Error from server (BadRequest): previous terminated container "user-container" in pod "mofaas-egress-proxy-verify-transaction-00002-deployment-76fqhzt" not found
Saving logs for pod mofaas-chooser-verify-transaction-00002-deployment-777dbfb7qwj6 to ./results/test_amt-10_auth-2_verify-2_20250228212127/pod_mofaas-chooser-verify-transaction-00002-deployment-777dbfb7qwj6_logs.txt
Error from server (BadRequest): previous terminated container "user-container" in pod "mofaas-chooser-verify-transaction-00002-deployment-777dbfb7qwj6" not found
Uninstalling helm release 'bank'
release "bank" uninstalled
Waiting for all pods to be terminated in namespace 'mofaas-bank-app'...
19 pod(s) still running. Waiting 5 seconds...
22 pod(s) still running. Waiting 5 seconds...
22 pod(s) still running. Waiting 5 seconds...
22 pod(s) still running. Waiting 5 seconds...
22 pod(s) still running. Waiting 5 seconds...
22 pod(s) still running. Waiting 5 seconds...
22 pod(s) still running. Waiting 5 seconds...
22 pod(s) still running. Waiting 5 seconds...
19 pod(s) still running. Waiting 5 seconds...
8 pod(s) still running. Waiting 5 seconds...
4 pod(s) still running. Waiting 5 seconds...
All pods terminated.
Test run completed. Results saved in directory: ./results/test_amt-10_auth-2_verify-2_20250228212127
-------------------------------------------------------
Rebooting cluster machines...
Rebooting machine 10.255.30.133...
Rebooting machine 10.255.30.109...
Rebooting machine 10.255.30.35...
Waiting 280 seconds for machines to reboot...
Connection to 10.255.30.35 closed by remote host.
Connection to 10.255.30.133 closed by remote host.
Connection to 10.255.30.109 closed by remote host.
Waiting for all cluster nodes to be Ready...
All cluster nodes are Ready.
-------------------------------------------------------
Starting test run with parameters:
  Amount: 100
  Authorization Concurrency: 2
  Verify-transaction Concurrency: 2
  Test Directory: ./results/test_amt-100_auth-2_verify-2_20250228232756
Installing helm chart...
W0228 23:28:17.723019  225985 warnings.go:70] Kubernetes default value is insecure, Knative may default this to secure in a future release: spec.template.spec.containers[0].securityContext.allowPrivilegeEscalation, spec.template.spec.containers[0].securityContext.capabilities, spec.template.spec.containers[0].securityContext.runAsNonRoot, spec.template.spec.containers[0].securityContext.seccompProfile
W0228 23:28:17.730367  225985 warnings.go:70] Kubernetes default value is insecure, Knative may default this to secure in a future release: spec.template.spec.containers[0].securityContext.allowPrivilegeEscalation, spec.template.spec.containers[0].securityContext.capabilities, spec.template.spec.containers[0].securityContext.runAsNonRoot, spec.template.spec.containers[0].securityContext.seccompProfile
W0228 23:28:17.741314  225985 warnings.go:70] Kubernetes default value is insecure, Knative may default this to secure in a future release: spec.template.spec.containers[0].securityContext.allowPrivilegeEscalation, spec.template.spec.containers[0].securityContext.capabilities, spec.template.spec.containers[0].securityContext.runAsNonRoot, spec.template.spec.containers[0].securityContext.seccompProfile
W0228 23:28:17.818027  225985 warnings.go:70] Kubernetes default value is insecure, Knative may default this to secure in a future release: spec.template.spec.containers[0].securityContext.allowPrivilegeEscalation, spec.template.spec.containers[0].securityContext.capabilities, spec.template.spec.containers[0].securityContext.runAsNonRoot, spec.template.spec.containers[0].securityContext.seccompProfile
W0228 23:28:17.849779  225985 warnings.go:70] Kubernetes default value is insecure, Knative may default this to secure in a future release: spec.template.spec.containers[0].securityContext.allowPrivilegeEscalation, spec.template.spec.containers[0].securityContext.capabilities, spec.template.spec.containers[0].securityContext.runAsNonRoot, spec.template.spec.containers[0].securityContext.seccompProfile
W0228 23:28:17.863836  225985 warnings.go:70] Kubernetes default value is insecure, Knative may default this to secure in a future release: spec.template.spec.containers[0].securityContext.allowPrivilegeEscalation, spec.template.spec.containers[0].securityContext.capabilities, spec.template.spec.containers[0].securityContext.runAsNonRoot, spec.template.spec.containers[0].securityContext.seccompProfile
W0228 23:28:17.885753  225985 warnings.go:70] Kubernetes default value is insecure, Knative may default this to secure in a future release: spec.template.spec.containers[0].securityContext.allowPrivilegeEscalation, spec.template.spec.containers[0].securityContext.capabilities, spec.template.spec.containers[0].securityContext.runAsNonRoot, spec.template.spec.containers[0].securityContext.seccompProfile
W0228 23:28:17.886317  225985 warnings.go:70] Kubernetes default value is insecure, Knative may default this to secure in a future release: spec.template.spec.containers[0].securityContext.allowPrivilegeEscalation, spec.template.spec.containers[0].securityContext.capabilities, spec.template.spec.containers[0].securityContext.runAsNonRoot, spec.template.spec.containers[0].securityContext.seccompProfile
W0228 23:28:17.901331  225985 warnings.go:70] Kubernetes default value is insecure, Knative may default this to secure in a future release: spec.template.spec.containers[0].securityContext.allowPrivilegeEscalation, spec.template.spec.containers[0].securityContext.capabilities, spec.template.spec.containers[0].securityContext.runAsNonRoot, spec.template.spec.containers[0].securityContext.seccompProfile
W0228 23:28:17.902233  225985 warnings.go:70] Kubernetes default value is insecure, Knative may default this to secure in a future release: spec.template.spec.containers[0].securityContext.allowPrivilegeEscalation, spec.template.spec.containers[0].securityContext.capabilities, spec.template.spec.containers[0].securityContext.runAsNonRoot, spec.template.spec.containers[0].securityContext.seccompProfile
W0228 23:28:17.909550  225985 warnings.go:70] Kubernetes default value is insecure, Knative may default this to secure in a future release: spec.template.spec.containers[0].securityContext.allowPrivilegeEscalation, spec.template.spec.containers[0].securityContext.capabilities, spec.template.spec.containers[0].securityContext.runAsNonRoot, spec.template.spec.containers[0].securityContext.seccompProfile
W0228 23:28:17.911432  225985 warnings.go:70] Kubernetes default value is insecure, Knative may default this to secure in a future release: spec.template.spec.containers[0].securityContext.allowPrivilegeEscalation, spec.template.spec.containers[0].securityContext.capabilities, spec.template.spec.containers[0].securityContext.runAsNonRoot, spec.template.spec.containers[0].securityContext.seccompProfile
W0228 23:28:17.913741  225985 warnings.go:70] Kubernetes default value is insecure, Knative may default this to secure in a future release: spec.template.spec.containers[0].securityContext.allowPrivilegeEscalation, spec.template.spec.containers[0].securityContext.capabilities, spec.template.spec.containers[0].securityContext.runAsNonRoot, spec.template.spec.containers[0].securityContext.seccompProfile
W0228 23:28:17.919674  225985 warnings.go:70] Kubernetes default value is insecure, Knative may default this to secure in a future release: spec.template.spec.containers[0].securityContext.allowPrivilegeEscalation, spec.template.spec.containers[0].securityContext.capabilities, spec.template.spec.containers[0].securityContext.runAsNonRoot, spec.template.spec.containers[0].securityContext.seccompProfile
NAME: bank
LAST DEPLOYED: Fri Feb 28 23:27:57 2025
NAMESPACE: default
STATUS: deployed
REVISION: 1
TEST SUITE: None
Waiting for helm install to be ready (only one pod starting with 'result')...
Not the required number of pods yet (there are 21 pods). Retrying in 5 seconds...
Not the required number of pods yet (there are 22 pods). Retrying in 5 seconds...
Not the required number of pods yet (there are 23 pods). Retrying in 5 seconds...
Not the required number of pods yet (there are 24 pods). Retrying in 5 seconds...
Not the required number of pods yet (there are 24 pods). Retrying in 5 seconds...
Not the required number of pods yet (there are 28 pods). Retrying in 5 seconds...
Not the required number of pods yet (there are 28 pods). Retrying in 5 seconds...
Not the required number of pods yet (there are 29 pods). Retrying in 5 seconds...
Not the required number of pods yet (there are 30 pods). Retrying in 5 seconds...
Not the required number of pods yet (there are 32 pods). Retrying in 5 seconds...
Not the required number of pods yet (there are 34 pods). Retrying in 5 seconds...
Not the required number of pods yet (there are 35 pods). Retrying in 5 seconds...
Not the required number of pods yet (there are 33 pods). Retrying in 5 seconds...
Not the required number of pods yet (there are 31 pods). Retrying in 5 seconds...
Not the required number of pods yet (there are 28 pods). Retrying in 5 seconds...
Not the required number of pods yet (there are 23 pods). Retrying in 5 seconds...
Not the required number of pods yet (there are 22 pods). Retrying in 5 seconds...
Not the required number of pods yet (there are 21 pods). Retrying in 5 seconds...
Not the required number of pods yet (there are 21 pods). Retrying in 5 seconds...
Not the required number of pods yet (there are 21 pods). Retrying in 5 seconds...
Not the required number of pods yet (there are 21 pods). Retrying in 5 seconds...
Not the required number of pods yet (there are 21 pods). Retrying in 5 seconds...
Not the required number of pods yet (there are 21 pods). Retrying in 5 seconds...
Not the required number of pods yet (there are 21 pods). Retrying in 5 seconds...
Not the required number of pods yet (there are 20 pods). Retrying in 5 seconds...
Not the required number of pods yet (there are 19 pods). Retrying in 5 seconds...
Not the required number of pods yet (there are 19 pods). Retrying in 5 seconds...
Not the required number of pods yet (there are 19 pods). Retrying in 5 seconds...
Not the required number of pods yet (there are 19 pods). Retrying in 5 seconds...
Not the required number of pods yet (there are 18 pods). Retrying in 5 seconds...
Not the required number of pods yet (there are 18 pods). Retrying in 5 seconds...
Not the required number of pods yet (there are 17 pods). Retrying in 5 seconds...
Not the required number of pods yet (there are 15 pods). Retrying in 5 seconds...
Helm chart is ready.
Saving logs from pods during execution
Saving logs for pod login-00001-deployment-d5848bb8d-vrmv9 to ./results/test_amt-100_auth-2_verify-2_20250228232756/pod_login-00001-deployment-d5848bb8d-vrmv9_logs_pre.txt
Saving logs for pod result-00001-deployment-5857959cf-fftqn to ./results/test_amt-100_auth-2_verify-2_20250228232756/pod_result-00001-deployment-5857959cf-fftqn_logs_pre.txt
Saving logs for pod transaction-00002-deployment-8b777788b-x94ks to ./results/test_amt-100_auth-2_verify-2_20250228232756/pod_transaction-00002-deployment-8b777788b-x94ks_logs_pre.txt
Saving logs for pod verify-transaction-java-00002-deployment-65f755ffc5-48mt4 to ./results/test_amt-100_auth-2_verify-2_20250228232756/pod_verify-transaction-java-00002-deployment-65f755ffc5-48mt4_logs_pre.txt
Saving logs for pod verify-transaction-php-00002-deployment-5ccffff745-76tvl to ./results/test_amt-100_auth-2_verify-2_20250228232756/pod_verify-transaction-php-00002-deployment-5ccffff745-76tvl_logs_pre.txt
Saving logs for pod verify-transaction-js-00002-deployment-64696996df-jqzdw to ./results/test_amt-100_auth-2_verify-2_20250228232756/pod_verify-transaction-js-00002-deployment-64696996df-jqzdw_logs_pre.txt
Saving logs for pod verify-transaction-python-00002-deployment-6bddbf6586-wh9hq to ./results/test_amt-100_auth-2_verify-2_20250228232756/pod_verify-transaction-python-00002-deployment-6bddbf6586-wh9hq_logs_pre.txt
Saving logs for pod verify-transaction-go-00002-deployment-85dbd4f68f-6f8kn to ./results/test_amt-100_auth-2_verify-2_20250228232756/pod_verify-transaction-go-00002-deployment-85dbd4f68f-6f8kn_logs_pre.txt
Saving logs for pod authorization-php-00002-deployment-7ff86bd6f9-p9vfp to ./results/test_amt-100_auth-2_verify-2_20250228232756/pod_authorization-php-00002-deployment-7ff86bd6f9-p9vfp_logs_pre.txt
Saving logs for pod authorization-go-00002-deployment-7b449d8ff6-jmqs8 to ./results/test_amt-100_auth-2_verify-2_20250228232756/pod_authorization-go-00002-deployment-7b449d8ff6-jmqs8_logs_pre.txt
Saving logs for pod authorization-python-00002-deployment-5c5cb9fc97-fmjd9 to ./results/test_amt-100_auth-2_verify-2_20250228232756/pod_authorization-python-00002-deployment-5c5cb9fc97-fmjd9_logs_pre.txt
Saving logs for pod authorization-java-00002-deployment-7d76d8647-r7gms to ./results/test_amt-100_auth-2_verify-2_20250228232756/pod_authorization-java-00002-deployment-7d76d8647-r7gms_logs_pre.txt
Saving logs for pod authorization-js-00002-deployment-5dfd5d697-56x2x to ./results/test_amt-100_auth-2_verify-2_20250228232756/pod_authorization-js-00002-deployment-5dfd5d697-56x2x_logs_pre.txt
Saving logs for pod entry-point-00002-deployment-b4d9d945b-qv5k6 to ./results/test_amt-100_auth-2_verify-2_20250228232756/pod_entry-point-00002-deployment-b4d9d945b-qv5k6_logs_pre.txt
Saving logs for pod mofaas-egress-proxy-verify-transaction-00003-deployment-54pbrsd to ./results/test_amt-100_auth-2_verify-2_20250228232756/pod_mofaas-egress-proxy-verify-transaction-00003-deployment-54pbrsd_logs_pre.txt
Saving logs for pod mofaas-chooser-verify-transaction-00002-deployment-5c4cb74qq25d to ./results/test_amt-100_auth-2_verify-2_20250228232756/pod_mofaas-chooser-verify-transaction-00002-deployment-5c4cb74qq25d_logs_pre.txt
Saving logs for pod mofaas-egress-proxy-authorization-00002-deployment-644d7cb77xrg to ./results/test_amt-100_auth-2_verify-2_20250228232756/pod_mofaas-egress-proxy-authorization-00002-deployment-644d7cb77xrg_logs_pre.txt
Saving logs for pod mofaas-chooser-authorization-00002-deployment-6b49f76754-k86tn to ./results/test_amt-100_auth-2_verify-2_20250228232756/pod_mofaas-chooser-authorization-00002-deployment-6b49f76754-k86tn_logs_pre.txt
Saving logs for pod mofaas-chooser-authorization-00001-deployment-79778b7dfb-mqkx6 to ./results/test_amt-100_auth-2_verify-2_20250228232756/pod_mofaas-chooser-authorization-00001-deployment-79778b7dfb-mqkx6_logs_pre.txt
Recording request traces in ./results/test_amt-100_auth-2_verify-2_20250228232756/requests_trace.txt
Saving logs from pods
Saving logs for pod verify-transaction-python-00002-deployment-6bddbf6586-wh9hq to ./results/test_amt-100_auth-2_verify-2_20250228232756/pod_verify-transaction-python-00002-deployment-6bddbf6586-wh9hq_logs.txt
Error from server (BadRequest): previous terminated container "user-container" in pod "verify-transaction-python-00002-deployment-6bddbf6586-wh9hq" not found
Saving logs for pod verify-transaction-go-00002-deployment-85dbd4f68f-6f8kn to ./results/test_amt-100_auth-2_verify-2_20250228232756/pod_verify-transaction-go-00002-deployment-85dbd4f68f-6f8kn_logs.txt
Error from server (BadRequest): previous terminated container "user-container" in pod "verify-transaction-go-00002-deployment-85dbd4f68f-6f8kn" not found
Saving logs for pod authorization-python-00002-deployment-5c5cb9fc97-fmjd9 to ./results/test_amt-100_auth-2_verify-2_20250228232756/pod_authorization-python-00002-deployment-5c5cb9fc97-fmjd9_logs.txt
Error from server (BadRequest): previous terminated container "user-container" in pod "authorization-python-00002-deployment-5c5cb9fc97-fmjd9" not found
Saving logs for pod authorization-js-00002-deployment-5dfd5d697-56x2x to ./results/test_amt-100_auth-2_verify-2_20250228232756/pod_authorization-js-00002-deployment-5dfd5d697-56x2x_logs.txt
Error from server (BadRequest): previous terminated container "user-container" in pod "authorization-js-00002-deployment-5dfd5d697-56x2x" not found
Saving logs for pod entry-point-00002-deployment-b4d9d945b-qv5k6 to ./results/test_amt-100_auth-2_verify-2_20250228232756/pod_entry-point-00002-deployment-b4d9d945b-qv5k6_logs.txt
Error from server (BadRequest): previous terminated container "user-container" in pod "entry-point-00002-deployment-b4d9d945b-qv5k6" not found
Saving logs for pod login-00001-deployment-d5848bb8d-vrmv9 to ./results/test_amt-100_auth-2_verify-2_20250228232756/pod_login-00001-deployment-d5848bb8d-vrmv9_logs.txt
Error from server (BadRequest): previous terminated container "user-container" in pod "login-00001-deployment-d5848bb8d-vrmv9" not found
Saving logs for pod verify-transaction-js-00002-deployment-64696996df-jqzdw to ./results/test_amt-100_auth-2_verify-2_20250228232756/pod_verify-transaction-js-00002-deployment-64696996df-jqzdw_logs.txt
Error from server (BadRequest): previous terminated container "user-container" in pod "verify-transaction-js-00002-deployment-64696996df-jqzdw" not found
Saving logs for pod authorization-java-00002-deployment-7d76d8647-r7gms to ./results/test_amt-100_auth-2_verify-2_20250228232756/pod_authorization-java-00002-deployment-7d76d8647-r7gms_logs.txt
Error from server (BadRequest): previous terminated container "user-container" in pod "authorization-java-00002-deployment-7d76d8647-r7gms" not found
Saving logs for pod transaction-00002-deployment-8b777788b-x94ks to ./results/test_amt-100_auth-2_verify-2_20250228232756/pod_transaction-00002-deployment-8b777788b-x94ks_logs.txt
Error from server (BadRequest): previous terminated container "user-container" in pod "transaction-00002-deployment-8b777788b-x94ks" not found
Saving logs for pod verify-transaction-php-00002-deployment-5ccffff745-76tvl to ./results/test_amt-100_auth-2_verify-2_20250228232756/pod_verify-transaction-php-00002-deployment-5ccffff745-76tvl_logs.txt
Error from server (BadRequest): previous terminated container "user-container" in pod "verify-transaction-php-00002-deployment-5ccffff745-76tvl" not found
Saving logs for pod mofaas-chooser-authorization-00002-deployment-6b49f76754-4phf7 to ./results/test_amt-100_auth-2_verify-2_20250228232756/pod_mofaas-chooser-authorization-00002-deployment-6b49f76754-4phf7_logs.txt
Error from server (BadRequest): previous terminated container "user-container" in pod "mofaas-chooser-authorization-00002-deployment-6b49f76754-4phf7" not found
Saving logs for pod result-00001-deployment-5857959cf-fftqn to ./results/test_amt-100_auth-2_verify-2_20250228232756/pod_result-00001-deployment-5857959cf-fftqn_logs.txt
Error from server (BadRequest): previous terminated container "user-container" in pod "result-00001-deployment-5857959cf-fftqn" not found
Saving logs for pod mofaas-egress-proxy-authorization-00002-deployment-644d7cblt5z7 to ./results/test_amt-100_auth-2_verify-2_20250228232756/pod_mofaas-egress-proxy-authorization-00002-deployment-644d7cblt5z7_logs.txt
Error from server (BadRequest): previous terminated container "user-container" in pod "mofaas-egress-proxy-authorization-00002-deployment-644d7cblt5z7" not found
Saving logs for pod verify-transaction-java-00002-deployment-65f755ffc5-48mt4 to ./results/test_amt-100_auth-2_verify-2_20250228232756/pod_verify-transaction-java-00002-deployment-65f755ffc5-48mt4_logs.txt
Error from server (BadRequest): previous terminated container "user-container" in pod "verify-transaction-java-00002-deployment-65f755ffc5-48mt4" not found
Saving logs for pod authorization-php-00002-deployment-7ff86bd6f9-p9vfp to ./results/test_amt-100_auth-2_verify-2_20250228232756/pod_authorization-php-00002-deployment-7ff86bd6f9-p9vfp_logs.txt
Error from server (BadRequest): previous terminated container "user-container" in pod "authorization-php-00002-deployment-7ff86bd6f9-p9vfp" not found
Saving logs for pod authorization-go-00002-deployment-7b449d8ff6-jmqs8 to ./results/test_amt-100_auth-2_verify-2_20250228232756/pod_authorization-go-00002-deployment-7b449d8ff6-jmqs8_logs.txt
Error from server (BadRequest): previous terminated container "user-container" in pod "authorization-go-00002-deployment-7b449d8ff6-jmqs8" not found
Uninstalling helm release 'bank'
release "bank" uninstalled
Waiting for all pods to be terminated in namespace 'mofaas-bank-app'...
18 pod(s) still running. Waiting 5 seconds...
20 pod(s) still running. Waiting 5 seconds...
20 pod(s) still running. Waiting 5 seconds...
20 pod(s) still running. Waiting 5 seconds...
20 pod(s) still running. Waiting 5 seconds...
20 pod(s) still running. Waiting 5 seconds...
20 pod(s) still running. Waiting 5 seconds...
20 pod(s) still running. Waiting 5 seconds...
16 pod(s) still running. Waiting 5 seconds...
6 pod(s) still running. Waiting 5 seconds...
5 pod(s) still running. Waiting 5 seconds...
All pods terminated.
Test run completed. Results saved in directory: ./results/test_amt-100_auth-2_verify-2_20250228232756
-------------------------------------------------------
All tests completed.
